22:46:18:149  INFO 11500 --- [main] com.hmall.cart.CartApplication           : Starting CartApplication using Java 11.0.29 on DESKTOP-CRMIG1A with PID 11500 (D:\DevPlan\abackend\java-cloud-server\cart-service\target\classes started by konoh in D:\DevPlan\abackend\java-cloud-server)
22:46:18:151 DEBUG 11500 --- [main] com.hmall.cart.CartApplication           : Running with Spring Boot v2.7.12, Spring v5.3.27
22:46:18:155  INFO 11500 --- [main] com.hmall.cart.CartApplication           : The following 1 profile is active: "dev"
22:46:19:692  INFO 11500 --- [main] o.s.b.w.embedded.tomcat.TomcatWebServer  : Tomcat initialized with port(s): 8082 (http)
22:46:19:701  INFO 11500 --- [main] o.apache.catalina.core.StandardService   : Starting service [Tomcat]
22:46:19:702  INFO 11500 --- [main] org.apache.catalina.core.StandardEngine  : Starting Servlet engine: [Apache Tomcat/9.0.75]
22:46:19:800  INFO 11500 --- [main] o.a.c.c.C.[Tomcat].[localhost].[/]       : Initializing Spring embedded WebApplicationContext
22:46:19:801  INFO 11500 --- [main] w.s.c.ServletWebServerApplicationContext : Root WebApplicationContext: initialization completed in 1613 ms
22:46:20:979  INFO 11500 --- [main] pertySourcedRequestMappingHandlerMapping : Mapped URL path [/v2/api-docs] onto method [springfox.documentation.swagger2.web.Swagger2ControllerWebMvc#getDocumentation(String, HttpServletRequest)]
22:46:21:046  INFO 11500 --- [main] o.s.b.w.embedded.tomcat.TomcatWebServer  : Tomcat started on port(s): 8082 (http) with context path ''
22:46:21:047  INFO 11500 --- [main] d.s.w.p.DocumentationPluginsBootstrapper : Documentation plugins bootstrapped
22:46:21:049  INFO 11500 --- [main] d.s.w.p.DocumentationPluginsBootstrapper : Found 1 custom documentation plugin(s)
22:46:21:070  INFO 11500 --- [main] s.d.s.w.s.ApiListingReferenceScanner     : Scanning for api listing references
22:46:21:162  INFO 11500 --- [main] com.hmall.cart.CartApplication           : Started CartApplication in 3.352 seconds (JVM running for 4.075)
22:50:13:761  INFO 7640 --- [main] com.hmall.cart.CartApplication           : Starting CartApplication using Java 11.0.29 on DESKTOP-CRMIG1A with PID 7640 (D:\DevPlan\abackend\java-cloud-server\cart-service\target\classes started by konoh in D:\DevPlan\abackend\java-cloud-server)
22:50:13:763 DEBUG 7640 --- [main] com.hmall.cart.CartApplication           : Running with Spring Boot v2.7.12, Spring v5.3.27
22:50:13:763  INFO 7640 --- [main] com.hmall.cart.CartApplication           : The following 1 profile is active: "dev"
22:50:14:682  INFO 7640 --- [main] o.s.b.w.embedded.tomcat.TomcatWebServer  : Tomcat initialized with port(s): 8082 (http)
22:50:14:688  INFO 7640 --- [main] o.apache.catalina.core.StandardService   : Starting service [Tomcat]
22:50:14:688  INFO 7640 --- [main] org.apache.catalina.core.StandardEngine  : Starting Servlet engine: [Apache Tomcat/9.0.75]
22:50:14:778  INFO 7640 --- [main] o.a.c.c.C.[Tomcat].[localhost].[/]       : Initializing Spring embedded WebApplicationContext
22:50:14:779  INFO 7640 --- [main] w.s.c.ServletWebServerApplicationContext : Root WebApplicationContext: initialization completed in 978 ms
22:50:15:797  INFO 7640 --- [main] pertySourcedRequestMappingHandlerMapping : Mapped URL path [/v2/api-docs] onto method [springfox.documentation.swagger2.web.Swagger2ControllerWebMvc#getDocumentation(String, HttpServletRequest)]
22:50:15:862  INFO 7640 --- [main] o.s.b.w.embedded.tomcat.TomcatWebServer  : Tomcat started on port(s): 8082 (http) with context path ''
22:50:15:865  INFO 7640 --- [main] d.s.w.p.DocumentationPluginsBootstrapper : Documentation plugins bootstrapped
22:50:15:868  INFO 7640 --- [main] d.s.w.p.DocumentationPluginsBootstrapper : Found 1 custom documentation plugin(s)
22:50:15:893  INFO 7640 --- [main] s.d.s.w.s.ApiListingReferenceScanner     : Scanning for api listing references
22:50:15:976  INFO 7640 --- [main] com.hmall.cart.CartApplication           : Started CartApplication in 2.502 seconds (JVM running for 3.146)
22:50:49:534  INFO 7640 --- [http-nio-8082-exec-1] o.a.c.c.C.[Tomcat].[localhost].[/]       : Initializing Spring DispatcherServlet 'dispatcherServlet'
22:50:49:540  INFO 7640 --- [http-nio-8082-exec-1] o.s.web.servlet.DispatcherServlet        : Initializing Servlet 'dispatcherServlet'
22:50:49:544  INFO 7640 --- [http-nio-8082-exec-1] o.s.web.servlet.DispatcherServlet        : Completed initialization in 2 ms
22:51:05:506  INFO 7640 --- [http-nio-8082-exec-6] com.zaxxer.hikari.HikariDataSource       : HikariPool-1 - Starting...
22:51:06:002  INFO 7640 --- [http-nio-8082-exec-6] com.zaxxer.hikari.HikariDataSource       : HikariPool-1 - Start completed.
22:51:06:013 DEBUG 7640 --- [http-nio-8082-exec-6] c.h.cart.mapper.CartMapper.selectList    : ==>  Preparing: SELECT id,user_id,item_id,num,name,spec,price,image,create_time,update_time FROM cart WHERE (user_id = ?)
22:51:06:058 DEBUG 7640 --- [http-nio-8082-exec-6] c.h.cart.mapper.CartMapper.selectList    : ==> Parameters: 1(Long)
22:51:06:105 DEBUG 7640 --- [http-nio-8082-exec-6] c.h.cart.mapper.CartMapper.selectList    : <==      Total: 1
22:55:36:077  INFO 7640 --- [SpringApplicationShutdownHook] com.zaxxer.hikari.HikariDataSource       : HikariPool-1 - Shutdown initiated...
22:55:36:113  INFO 7640 --- [SpringApplicationShutdownHook] com.zaxxer.hikari.HikariDataSource       : HikariPool-1 - Shutdown completed.
22:55:54:420  INFO 8180 --- [main] com.hmall.cart.CartApplication           : Starting CartApplication using Java 11.0.29 on DESKTOP-CRMIG1A with PID 8180 (D:\DevPlan\abackend\java-cloud-server\cart-service\target\classes started by konoh in D:\DevPlan\abackend\java-cloud-server)
22:55:54:422 DEBUG 8180 --- [main] com.hmall.cart.CartApplication           : Running with Spring Boot v2.7.12, Spring v5.3.27
22:55:54:423  INFO 8180 --- [main] com.hmall.cart.CartApplication           : The following 1 profile is active: "dev"
22:55:55:371  INFO 8180 --- [main] o.s.b.w.embedded.tomcat.TomcatWebServer  : Tomcat initialized with port(s): 8082 (http)
22:55:55:381  INFO 8180 --- [main] o.apache.catalina.core.StandardService   : Starting service [Tomcat]
22:55:55:381  INFO 8180 --- [main] org.apache.catalina.core.StandardEngine  : Starting Servlet engine: [Apache Tomcat/9.0.75]
22:55:55:482  INFO 8180 --- [main] o.a.c.c.C.[Tomcat].[localhost].[/]       : Initializing Spring embedded WebApplicationContext
22:55:55:483  INFO 8180 --- [main] w.s.c.ServletWebServerApplicationContext : Root WebApplicationContext: initialization completed in 1030 ms
22:55:56:593  INFO 8180 --- [main] pertySourcedRequestMappingHandlerMapping : Mapped URL path [/v2/api-docs] onto method [springfox.documentation.swagger2.web.Swagger2ControllerWebMvc#getDocumentation(String, HttpServletRequest)]
22:55:56:684  INFO 8180 --- [main] o.s.b.w.embedded.tomcat.TomcatWebServer  : Tomcat started on port(s): 8082 (http) with context path ''
22:55:56:685  INFO 8180 --- [main] d.s.w.p.DocumentationPluginsBootstrapper : Documentation plugins bootstrapped
22:55:56:687  INFO 8180 --- [main] d.s.w.p.DocumentationPluginsBootstrapper : Found 1 custom documentation plugin(s)
22:55:56:707  INFO 8180 --- [main] s.d.s.w.s.ApiListingReferenceScanner     : Scanning for api listing references
22:55:56:811  INFO 8180 --- [main] com.hmall.cart.CartApplication           : Started CartApplication in 2.692 seconds (JVM running for 3.347)
22:55:59:171  INFO 8180 --- [http-nio-8082-exec-1] o.a.c.c.C.[Tomcat].[localhost].[/]       : Initializing Spring DispatcherServlet 'dispatcherServlet'
22:55:59:173  INFO 8180 --- [http-nio-8082-exec-1] o.s.web.servlet.DispatcherServlet        : Initializing Servlet 'dispatcherServlet'
22:55:59:175  INFO 8180 --- [http-nio-8082-exec-1] o.s.web.servlet.DispatcherServlet        : Completed initialization in 1 ms
22:55:59:252  INFO 8180 --- [http-nio-8082-exec-1] com.zaxxer.hikari.HikariDataSource       : HikariPool-1 - Starting...
22:55:59:467  INFO 8180 --- [http-nio-8082-exec-1] com.zaxxer.hikari.HikariDataSource       : HikariPool-1 - Start completed.
22:55:59:472 DEBUG 8180 --- [http-nio-8082-exec-1] c.h.cart.mapper.CartMapper.selectList    : ==>  Preparing: SELECT id,user_id,item_id,num,name,spec,price,image,create_time,update_time FROM cart WHERE (user_id = ?)
22:55:59:485 DEBUG 8180 --- [http-nio-8082-exec-1] c.h.cart.mapper.CartMapper.selectList    : ==> Parameters: 1(Long)
22:55:59:505 DEBUG 8180 --- [http-nio-8082-exec-1] c.h.cart.mapper.CartMapper.selectList    : <==      Total: 1
23:07:30:410  INFO 8180 --- [SpringApplicationShutdownHook] com.zaxxer.hikari.HikariDataSource       : HikariPool-1 - Shutdown initiated...
23:07:30:447  INFO 8180 --- [SpringApplicationShutdownHook] com.zaxxer.hikari.HikariDataSource       : HikariPool-1 - Shutdown completed.
23:09:55:254  INFO 26320 --- [main] com.hmall.cart.CartApplication           : Starting CartApplication using Java 11.0.29 on DESKTOP-CRMIG1A with PID 26320 (D:\DevPlan\abackend\java-cloud-server\cart-service\target\classes started by konoh in D:\DevPlan\abackend\java-cloud-server)
23:09:55:256 DEBUG 26320 --- [main] com.hmall.cart.CartApplication           : Running with Spring Boot v2.7.12, Spring v5.3.27
23:09:55:256  INFO 26320 --- [main] com.hmall.cart.CartApplication           : The following 1 profile is active: "dev"
23:09:56:235  INFO 26320 --- [main] o.s.b.w.embedded.tomcat.TomcatWebServer  : Tomcat initialized with port(s): 8082 (http)
23:09:56:243  INFO 26320 --- [main] o.apache.catalina.core.StandardService   : Starting service [Tomcat]
23:09:56:243  INFO 26320 --- [main] org.apache.catalina.core.StandardEngine  : Starting Servlet engine: [Apache Tomcat/9.0.75]
23:09:56:354  INFO 26320 --- [main] o.a.c.c.C.[Tomcat].[localhost].[/]       : Initializing Spring embedded WebApplicationContext
23:09:56:354  INFO 26320 --- [main] w.s.c.ServletWebServerApplicationContext : Root WebApplicationContext: initialization completed in 1060 ms
23:09:57:504  INFO 26320 --- [main] pertySourcedRequestMappingHandlerMapping : Mapped URL path [/v2/api-docs] onto method [springfox.documentation.swagger2.web.Swagger2ControllerWebMvc#getDocumentation(String, HttpServletRequest)]
23:09:57:581  INFO 26320 --- [main] o.s.b.w.embedded.tomcat.TomcatWebServer  : Tomcat started on port(s): 8082 (http) with context path ''
23:09:57:582  INFO 26320 --- [main] d.s.w.p.DocumentationPluginsBootstrapper : Documentation plugins bootstrapped
23:09:57:584  INFO 26320 --- [main] d.s.w.p.DocumentationPluginsBootstrapper : Found 1 custom documentation plugin(s)
23:09:57:607  INFO 26320 --- [main] s.d.s.w.s.ApiListingReferenceScanner     : Scanning for api listing references
23:09:57:701  INFO 26320 --- [main] com.hmall.cart.CartApplication           : Started CartApplication in 2.787 seconds (JVM running for 3.458)
23:12:51:533  INFO 26320 --- [http-nio-8082-exec-1] o.a.c.c.C.[Tomcat].[localhost].[/]       : Initializing Spring DispatcherServlet 'dispatcherServlet'
23:12:51:534  INFO 26320 --- [http-nio-8082-exec-1] o.s.web.servlet.DispatcherServlet        : Initializing Servlet 'dispatcherServlet'
23:12:51:535  INFO 26320 --- [http-nio-8082-exec-1] o.s.web.servlet.DispatcherServlet        : Completed initialization in 1 ms
23:14:40:522  INFO 28900 --- [main] com.hmall.cart.CartApplication           : Starting CartApplication using Java 11.0.29 on DESKTOP-CRMIG1A with PID 28900 (D:\DevPlan\abackend\java-cloud-server\cart-service\target\classes started by konoh in D:\DevPlan\abackend\java-cloud-server)
23:14:40:524 DEBUG 28900 --- [main] com.hmall.cart.CartApplication           : Running with Spring Boot v2.7.12, Spring v5.3.27
23:14:40:524  INFO 28900 --- [main] com.hmall.cart.CartApplication           : The following 1 profile is active: "dev"
23:14:41:557  INFO 28900 --- [main] o.s.cloud.context.scope.GenericScope     : BeanFactory id=d0a792aa-3065-381b-9419-b35ae00ede92
23:14:41:792  INFO 28900 --- [main] o.s.b.w.embedded.tomcat.TomcatWebServer  : Tomcat initialized with port(s): 8082 (http)
23:14:41:800  INFO 28900 --- [main] o.apache.catalina.core.StandardService   : Starting service [Tomcat]
23:14:41:800  INFO 28900 --- [main] org.apache.catalina.core.StandardEngine  : Starting Servlet engine: [Apache Tomcat/9.0.75]
23:14:41:891  INFO 28900 --- [main] o.a.c.c.C.[Tomcat].[localhost].[/]       : Initializing Spring embedded WebApplicationContext
23:14:41:891  INFO 28900 --- [main] w.s.c.ServletWebServerApplicationContext : Root WebApplicationContext: initialization completed in 1333 ms
23:14:43:760  INFO 28900 --- [main] pertySourcedRequestMappingHandlerMapping : Mapped URL path [/v2/api-docs] onto method [springfox.documentation.swagger2.web.Swagger2ControllerWebMvc#getDocumentation(String, HttpServletRequest)]
23:14:44:435  INFO 28900 --- [main] com.alibaba.nacos.common.remote.client   : [RpcClientFactory] create a new rpc client of cb79ec21-011d-4272-a75c-40102e3ed6f8
23:14:44:469  INFO 28900 --- [main] org.reflections.Reflections              : Reflections took 16 ms to scan 1 urls, producing 3 keys and 6 values 
23:14:44:486  INFO 28900 --- [main] org.reflections.Reflections              : Reflections took 5 ms to scan 1 urls, producing 4 keys and 9 values 
23:14:44:492  INFO 28900 --- [main] org.reflections.Reflections              : Reflections took 3 ms to scan 1 urls, producing 3 keys and 10 values 
23:14:44:494  WARN 28900 --- [main] org.reflections.Reflections              : given scan urls are empty. set urls in the configuration
23:14:44:499  INFO 28900 --- [main] org.reflections.Reflections              : Reflections took 4 ms to scan 1 urls, producing 1 keys and 5 values 
23:14:44:504  INFO 28900 --- [main] org.reflections.Reflections              : Reflections took 4 ms to scan 1 urls, producing 1 keys and 7 values 
23:14:44:511  INFO 28900 --- [main] org.reflections.Reflections              : Reflections took 5 ms to scan 1 urls, producing 2 keys and 8 values 
23:14:44:513  WARN 28900 --- [main] org.reflections.Reflections              : given scan urls are empty. set urls in the configuration
23:14:44:513  INFO 28900 --- [main] com.alibaba.nacos.common.remote.client   : [cb79ec21-011d-4272-a75c-40102e3ed6f8] RpcClient init label, labels = {module=naming, source=sdk}
23:14:44:515  INFO 28900 --- [main] com.alibaba.nacos.common.remote.client   : [cb79ec21-011d-4272-a75c-40102e3ed6f8] RpcClient init, ServerListFactory = com.alibaba.nacos.client.naming.core.ServerListManager
23:14:44:515  INFO 28900 --- [main] com.alibaba.nacos.common.remote.client   : [cb79ec21-011d-4272-a75c-40102e3ed6f8] Registry connection listener to current client:com.alibaba.nacos.client.naming.remote.gprc.redo.NamingGrpcRedoService
23:14:44:515  INFO 28900 --- [main] com.alibaba.nacos.common.remote.client   : [cb79ec21-011d-4272-a75c-40102e3ed6f8] Register server push request handler:com.alibaba.nacos.client.naming.remote.gprc.NamingPushRequestHandler
23:14:44:516  INFO 28900 --- [main] com.alibaba.nacos.common.remote.client   : [cb79ec21-011d-4272-a75c-40102e3ed6f8] Try to connect to server on start up, server: {serverIp = 'localhost', server main port = 8848}
23:14:46:043  INFO 28900 --- [main] com.alibaba.nacos.common.remote.client   : [cb79ec21-011d-4272-a75c-40102e3ed6f8] Success to connect to server [localhost:8848] on start up, connectionId = 1766157285826_172.17.0.1_46092
23:14:46:044  INFO 28900 --- [com.alibaba.nacos.client.remote.worker] com.alibaba.nacos.common.remote.client   : [cb79ec21-011d-4272-a75c-40102e3ed6f8] Notify connected event to listeners.
23:14:46:046  INFO 28900 --- [main] com.alibaba.nacos.common.remote.client   : [cb79ec21-011d-4272-a75c-40102e3ed6f8] Register server push request handler:com.alibaba.nacos.common.remote.client.RpcClient$ConnectResetRequestHandler
23:14:46:048  INFO 28900 --- [main] com.alibaba.nacos.common.remote.client   : [cb79ec21-011d-4272-a75c-40102e3ed6f8] Register server push request handler:com.alibaba.nacos.common.remote.client.RpcClient$$Lambda$904/0x000000084063f040
23:14:46:131  INFO 28900 --- [main] o.s.b.w.embedded.tomcat.TomcatWebServer  : Tomcat started on port(s): 8082 (http) with context path ''
23:14:46:148  INFO 28900 --- [main] c.a.c.n.registry.NacosServiceRegistry    : nacos registry, DEFAULT_GROUP cart-service 10.54.218.1:8082 register finished
23:14:46:518  INFO 28900 --- [main] d.s.w.p.DocumentationPluginsBootstrapper : Documentation plugins bootstrapped
23:14:46:523  INFO 28900 --- [main] d.s.w.p.DocumentationPluginsBootstrapper : Found 1 custom documentation plugin(s)
23:14:46:547  INFO 28900 --- [main] s.d.s.w.s.ApiListingReferenceScanner     : Scanning for api listing references
23:14:46:634  INFO 28900 --- [main] com.hmall.cart.CartApplication           : Started CartApplication in 7.145 seconds (JVM running for 7.897)
23:14:46:660  INFO 28900 --- [nacos-grpc-client-executor-6] com.alibaba.nacos.common.remote.client   : [cb79ec21-011d-4272-a75c-40102e3ed6f8] Receive server push request, request = NotifySubscriberRequest, requestId = 4
23:14:46:690  INFO 28900 --- [nacos-grpc-client-executor-6] com.alibaba.nacos.common.remote.client   : [cb79ec21-011d-4272-a75c-40102e3ed6f8] Ack server push request, request = NotifySubscriberRequest, requestId = 4
23:17:57:555  WARN 28900 --- [Thread-4] c.a.nacos.common.notify.NotifyCenter     : [NotifyCenter] Start destroying Publisher
23:17:57:555  WARN 28900 --- [Thread-7] c.a.n.common.http.HttpClientBeanHolder   : [HttpClientBeanHolder] Start destroying common HttpClient
23:17:57:556  WARN 28900 --- [Thread-4] c.a.nacos.common.notify.NotifyCenter     : [NotifyCenter] Destruction of the end
23:17:57:556  WARN 28900 --- [Thread-7] c.a.n.common.http.HttpClientBeanHolder   : [HttpClientBeanHolder] Destruction of the end
23:17:57:800  INFO 28900 --- [SpringApplicationShutdownHook] c.a.c.n.registry.NacosServiceRegistry    : De-registering from Nacos Server now...
23:17:57:806  INFO 28900 --- [SpringApplicationShutdownHook] c.a.c.n.registry.NacosServiceRegistry    : De-registration finished.
23:17:58:133  INFO 28900 --- [SpringApplicationShutdownHook] com.alibaba.nacos.common.remote.client   : Shutdown rpc client, set status to shutdown
23:17:58:133  INFO 28900 --- [SpringApplicationShutdownHook] com.alibaba.nacos.common.remote.client   : Shutdown client event executor java.util.concurrent.ScheduledThreadPoolExecutor@470a4795[Running, pool size = 2, active threads = 2, queued tasks = 0, completed tasks = 0]
23:17:58:133  INFO 28900 --- [SpringApplicationShutdownHook] com.alibaba.nacos.common.remote.client   : Close current connection 1766157285826_172.17.0.1_46092
23:17:58:142  INFO 28900 --- [SpringApplicationShutdownHook] c.a.n.c.remote.client.grpc.GrpcClient    : Shutdown grpc executor java.util.concurrent.ThreadPoolExecutor@3ee6e118[Running, pool size = 5, active threads = 1, queued tasks = 0, completed tasks = 56]
23:17:58:144  INFO 28900 --- [nacos-grpc-client-executor-56] c.a.n.c.remote.client.grpc.GrpcClient    : [1766157285826_172.17.0.1_46092]Ignore complete event,isRunning:false,isAbandon=false
23:18:02:813  INFO 32828 --- [main] com.hmall.cart.CartApplication           : Starting CartApplication using Java 11.0.29 on DESKTOP-CRMIG1A with PID 32828 (D:\DevPlan\abackend\java-cloud-server\cart-service\target\classes started by konoh in D:\DevPlan\abackend\java-cloud-server)
23:18:02:814 DEBUG 32828 --- [main] com.hmall.cart.CartApplication           : Running with Spring Boot v2.7.12, Spring v5.3.27
23:18:02:814  INFO 32828 --- [main] com.hmall.cart.CartApplication           : The following 1 profile is active: "dev"
23:18:03:550  INFO 32828 --- [main] o.s.cloud.context.scope.GenericScope     : BeanFactory id=d0a792aa-3065-381b-9419-b35ae00ede92
23:18:03:787  INFO 32828 --- [main] o.s.b.w.embedded.tomcat.TomcatWebServer  : Tomcat initialized with port(s): 8082 (http)
23:18:03:795  INFO 32828 --- [main] o.apache.catalina.core.StandardService   : Starting service [Tomcat]
23:18:03:795  INFO 32828 --- [main] org.apache.catalina.core.StandardEngine  : Starting Servlet engine: [Apache Tomcat/9.0.75]
23:18:03:882  INFO 32828 --- [main] o.a.c.c.C.[Tomcat].[localhost].[/]       : Initializing Spring embedded WebApplicationContext
23:18:03:882  INFO 32828 --- [main] w.s.c.ServletWebServerApplicationContext : Root WebApplicationContext: initialization completed in 1034 ms
23:18:06:076  INFO 32828 --- [main] pertySourcedRequestMappingHandlerMapping : Mapped URL path [/v2/api-docs] onto method [springfox.documentation.swagger2.web.Swagger2ControllerWebMvc#getDocumentation(String, HttpServletRequest)]
23:18:06:227  INFO 32828 --- [main] com.alibaba.nacos.common.remote.client   : [RpcClientFactory] create a new rpc client of 17c39e8e-5e76-4995-81a7-ef5626994638
23:18:06:261  INFO 32828 --- [main] org.reflections.Reflections              : Reflections took 16 ms to scan 1 urls, producing 3 keys and 6 values 
23:18:06:285  INFO 32828 --- [main] org.reflections.Reflections              : Reflections took 8 ms to scan 1 urls, producing 4 keys and 9 values 
23:18:06:293  INFO 32828 --- [main] org.reflections.Reflections              : Reflections took 4 ms to scan 1 urls, producing 3 keys and 10 values 
23:18:06:295  WARN 32828 --- [main] org.reflections.Reflections              : given scan urls are empty. set urls in the configuration
23:18:06:298  INFO 32828 --- [main] org.reflections.Reflections              : Reflections took 3 ms to scan 1 urls, producing 1 keys and 5 values 
23:18:06:305  INFO 32828 --- [main] org.reflections.Reflections              : Reflections took 4 ms to scan 1 urls, producing 1 keys and 7 values 
23:18:06:311  INFO 32828 --- [main] org.reflections.Reflections              : Reflections took 4 ms to scan 1 urls, producing 2 keys and 8 values 
23:18:06:313  WARN 32828 --- [main] org.reflections.Reflections              : given scan urls are empty. set urls in the configuration
23:18:06:314  INFO 32828 --- [main] com.alibaba.nacos.common.remote.client   : [17c39e8e-5e76-4995-81a7-ef5626994638] RpcClient init label, labels = {module=naming, source=sdk}
23:18:06:316  INFO 32828 --- [main] com.alibaba.nacos.common.remote.client   : [17c39e8e-5e76-4995-81a7-ef5626994638] RpcClient init, ServerListFactory = com.alibaba.nacos.client.naming.core.ServerListManager
23:18:06:316  INFO 32828 --- [main] com.alibaba.nacos.common.remote.client   : [17c39e8e-5e76-4995-81a7-ef5626994638] Registry connection listener to current client:com.alibaba.nacos.client.naming.remote.gprc.redo.NamingGrpcRedoService
23:18:06:316  INFO 32828 --- [main] com.alibaba.nacos.common.remote.client   : [17c39e8e-5e76-4995-81a7-ef5626994638] Register server push request handler:com.alibaba.nacos.client.naming.remote.gprc.NamingPushRequestHandler
23:18:06:317  INFO 32828 --- [main] com.alibaba.nacos.common.remote.client   : [17c39e8e-5e76-4995-81a7-ef5626994638] Try to connect to server on start up, server: {serverIp = 'localhost', server main port = 8848}
23:18:07:768  INFO 32828 --- [main] com.alibaba.nacos.common.remote.client   : [17c39e8e-5e76-4995-81a7-ef5626994638] Success to connect to server [localhost:8848] on start up, connectionId = 1766157487579_172.17.0.1_34558
23:18:07:771  INFO 32828 --- [com.alibaba.nacos.client.remote.worker] com.alibaba.nacos.common.remote.client   : [17c39e8e-5e76-4995-81a7-ef5626994638] Notify connected event to listeners.
23:18:07:773  INFO 32828 --- [main] com.alibaba.nacos.common.remote.client   : [17c39e8e-5e76-4995-81a7-ef5626994638] Register server push request handler:com.alibaba.nacos.common.remote.client.RpcClient$ConnectResetRequestHandler
23:18:07:774  INFO 32828 --- [main] com.alibaba.nacos.common.remote.client   : [17c39e8e-5e76-4995-81a7-ef5626994638] Register server push request handler:com.alibaba.nacos.common.remote.client.RpcClient$$Lambda$904/0x0000000840637040
23:18:07:856  INFO 32828 --- [main] o.s.b.w.embedded.tomcat.TomcatWebServer  : Tomcat started on port(s): 8082 (http) with context path ''
23:18:08:255  INFO 32828 --- [main] c.a.c.n.registry.NacosServiceRegistry    : nacos registry, DEFAULT_GROUP cart-service 10.54.218.1:8082 register finished
23:18:08:257  INFO 32828 --- [main] d.s.w.p.DocumentationPluginsBootstrapper : Documentation plugins bootstrapped
23:18:08:259  INFO 32828 --- [main] d.s.w.p.DocumentationPluginsBootstrapper : Found 1 custom documentation plugin(s)
23:18:08:278  INFO 32828 --- [main] s.d.s.w.s.ApiListingReferenceScanner     : Scanning for api listing references
23:18:08:349  INFO 32828 --- [nacos-grpc-client-executor-8] com.alibaba.nacos.common.remote.client   : [17c39e8e-5e76-4995-81a7-ef5626994638] Receive server push request, request = NotifySubscriberRequest, requestId = 5
23:18:08:366  INFO 32828 --- [main] com.hmall.cart.CartApplication           : Started CartApplication in 6.31 seconds (JVM running for 6.984)
23:18:08:367  INFO 32828 --- [nacos-grpc-client-executor-8] com.alibaba.nacos.common.remote.client   : [17c39e8e-5e76-4995-81a7-ef5626994638] Ack server push request, request = NotifySubscriberRequest, requestId = 5
23:18:11:813  INFO 32828 --- [http-nio-8082-exec-1] o.a.c.c.C.[Tomcat].[localhost].[/]       : Initializing Spring DispatcherServlet 'dispatcherServlet'
23:18:11:818  INFO 32828 --- [http-nio-8082-exec-1] o.s.web.servlet.DispatcherServlet        : Initializing Servlet 'dispatcherServlet'
23:18:11:821  INFO 32828 --- [http-nio-8082-exec-1] o.s.web.servlet.DispatcherServlet        : Completed initialization in 3 ms
23:18:12:008  INFO 32828 --- [http-nio-8082-exec-1] com.zaxxer.hikari.HikariDataSource       : HikariPool-1 - Starting...
23:18:12:597  INFO 32828 --- [http-nio-8082-exec-1] com.zaxxer.hikari.HikariDataSource       : HikariPool-1 - Start completed.
23:18:12:609 DEBUG 32828 --- [http-nio-8082-exec-1] c.h.cart.mapper.CartMapper.selectList    : ==>  Preparing: SELECT id,user_id,item_id,num,name,spec,price,image,create_time,update_time FROM cart WHERE (user_id = ?)
23:18:12:673 DEBUG 32828 --- [http-nio-8082-exec-1] c.h.cart.mapper.CartMapper.selectList    : ==> Parameters: 1(Long)
23:18:12:727 DEBUG 32828 --- [http-nio-8082-exec-1] c.h.cart.mapper.CartMapper.selectList    : <==      Total: 1
23:18:13:346  INFO 32828 --- [nacos-grpc-client-executor-11] com.alibaba.nacos.common.remote.client   : [17c39e8e-5e76-4995-81a7-ef5626994638] Receive server push request, request = NotifySubscriberRequest, requestId = 6
23:18:13:347  INFO 32828 --- [nacos-grpc-client-executor-11] com.alibaba.nacos.common.remote.client   : [17c39e8e-5e76-4995-81a7-ef5626994638] Ack server push request, request = NotifySubscriberRequest, requestId = 6
23:18:19:444 DEBUG 32828 --- [http-nio-8082-exec-2] c.h.cart.mapper.CartMapper.selectList    : ==>  Preparing: SELECT id,user_id,item_id,num,name,spec,price,image,create_time,update_time FROM cart WHERE (user_id = ?)
23:18:19:444 DEBUG 32828 --- [http-nio-8082-exec-2] c.h.cart.mapper.CartMapper.selectList    : ==> Parameters: 1(Long)
23:18:19:449 DEBUG 32828 --- [http-nio-8082-exec-2] c.h.cart.mapper.CartMapper.selectList    : <==      Total: 1
23:18:20:569 DEBUG 32828 --- [http-nio-8082-exec-3] c.h.cart.mapper.CartMapper.selectList    : ==>  Preparing: SELECT id,user_id,item_id,num,name,spec,price,image,create_time,update_time FROM cart WHERE (user_id = ?)
23:18:20:570 DEBUG 32828 --- [http-nio-8082-exec-3] c.h.cart.mapper.CartMapper.selectList    : ==> Parameters: 1(Long)
23:18:20:574 DEBUG 32828 --- [http-nio-8082-exec-3] c.h.cart.mapper.CartMapper.selectList    : <==      Total: 1
23:18:23:393 DEBUG 32828 --- [http-nio-8082-exec-4] c.h.cart.mapper.CartMapper.selectList    : ==>  Preparing: SELECT id,user_id,item_id,num,name,spec,price,image,create_time,update_time FROM cart WHERE (user_id = ?)
23:18:23:394 DEBUG 32828 --- [http-nio-8082-exec-4] c.h.cart.mapper.CartMapper.selectList    : ==> Parameters: 1(Long)
23:18:23:400 DEBUG 32828 --- [http-nio-8082-exec-4] c.h.cart.mapper.CartMapper.selectList    : <==      Total: 1
23:18:25:072 DEBUG 32828 --- [http-nio-8082-exec-6] c.h.cart.mapper.CartMapper.selectList    : ==>  Preparing: SELECT id,user_id,item_id,num,name,spec,price,image,create_time,update_time FROM cart WHERE (user_id = ?)
23:18:25:073 DEBUG 32828 --- [http-nio-8082-exec-6] c.h.cart.mapper.CartMapper.selectList    : ==> Parameters: 1(Long)
23:18:25:077 DEBUG 32828 --- [http-nio-8082-exec-6] c.h.cart.mapper.CartMapper.selectList    : <==      Total: 1
23:18:26:300 DEBUG 32828 --- [http-nio-8082-exec-9] c.h.cart.mapper.CartMapper.selectList    : ==>  Preparing: SELECT id,user_id,item_id,num,name,spec,price,image,create_time,update_time FROM cart WHERE (user_id = ?)
23:18:26:300 DEBUG 32828 --- [http-nio-8082-exec-9] c.h.cart.mapper.CartMapper.selectList    : ==> Parameters: 1(Long)
23:18:26:306 DEBUG 32828 --- [http-nio-8082-exec-9] c.h.cart.mapper.CartMapper.selectList    : <==      Total: 1
23:18:27:066 DEBUG 32828 --- [http-nio-8082-exec-8] c.h.cart.mapper.CartMapper.selectList    : ==>  Preparing: SELECT id,user_id,item_id,num,name,spec,price,image,create_time,update_time FROM cart WHERE (user_id = ?)
23:18:27:067 DEBUG 32828 --- [http-nio-8082-exec-8] c.h.cart.mapper.CartMapper.selectList    : ==> Parameters: 1(Long)
23:18:27:070 DEBUG 32828 --- [http-nio-8082-exec-8] c.h.cart.mapper.CartMapper.selectList    : <==      Total: 1
23:18:27:854 DEBUG 32828 --- [http-nio-8082-exec-10] c.h.cart.mapper.CartMapper.selectList    : ==>  Preparing: SELECT id,user_id,item_id,num,name,spec,price,image,create_time,update_time FROM cart WHERE (user_id = ?)
23:18:27:856 DEBUG 32828 --- [http-nio-8082-exec-10] c.h.cart.mapper.CartMapper.selectList    : ==> Parameters: 1(Long)
23:18:27:863 DEBUG 32828 --- [http-nio-8082-exec-10] c.h.cart.mapper.CartMapper.selectList    : <==      Total: 1
23:18:28:514 DEBUG 32828 --- [http-nio-8082-exec-5] c.h.cart.mapper.CartMapper.selectList    : ==>  Preparing: SELECT id,user_id,item_id,num,name,spec,price,image,create_time,update_time FROM cart WHERE (user_id = ?)
23:18:28:515 DEBUG 32828 --- [http-nio-8082-exec-5] c.h.cart.mapper.CartMapper.selectList    : ==> Parameters: 1(Long)
23:18:28:519 DEBUG 32828 --- [http-nio-8082-exec-5] c.h.cart.mapper.CartMapper.selectList    : <==      Total: 1
23:23:44:295  WARN 32828 --- [Thread-4] c.a.nacos.common.notify.NotifyCenter     : [NotifyCenter] Start destroying Publisher
23:23:44:295  WARN 32828 --- [Thread-4] c.a.nacos.common.notify.NotifyCenter     : [NotifyCenter] Destruction of the end
23:23:44:296  WARN 32828 --- [Thread-7] c.a.n.common.http.HttpClientBeanHolder   : [HttpClientBeanHolder] Start destroying common HttpClient
23:23:44:297  WARN 32828 --- [Thread-7] c.a.n.common.http.HttpClientBeanHolder   : [HttpClientBeanHolder] Destruction of the end
23:23:44:560  INFO 32828 --- [SpringApplicationShutdownHook] c.a.c.n.registry.NacosServiceRegistry    : De-registering from Nacos Server now...
23:23:44:565  INFO 32828 --- [SpringApplicationShutdownHook] c.a.c.n.registry.NacosServiceRegistry    : De-registration finished.
23:23:44:890  INFO 32828 --- [SpringApplicationShutdownHook] com.alibaba.nacos.common.remote.client   : Shutdown rpc client, set status to shutdown
23:23:44:891  INFO 32828 --- [SpringApplicationShutdownHook] com.alibaba.nacos.common.remote.client   : Shutdown client event executor java.util.concurrent.ScheduledThreadPoolExecutor@53721a07[Running, pool size = 2, active threads = 2, queued tasks = 0, completed tasks = 0]
23:23:44:891  INFO 32828 --- [SpringApplicationShutdownHook] com.alibaba.nacos.common.remote.client   : Close current connection 1766157487579_172.17.0.1_34558
23:23:44:899  INFO 32828 --- [SpringApplicationShutdownHook] c.a.n.c.remote.client.grpc.GrpcClient    : Shutdown grpc executor java.util.concurrent.ThreadPoolExecutor@441611be[Running, pool size = 4, active threads = 0, queued tasks = 0, completed tasks = 92]
23:23:44:904  INFO 32828 --- [SpringApplicationShutdownHook] com.zaxxer.hikari.HikariDataSource       : HikariPool-1 - Shutdown initiated...
23:23:44:944  INFO 32828 --- [SpringApplicationShutdownHook] com.zaxxer.hikari.HikariDataSource       : HikariPool-1 - Shutdown completed.
23:23:52:877  INFO 7972 --- [main] com.hmall.cart.CartApplication           : Starting CartApplication using Java 11.0.29 on DESKTOP-CRMIG1A with PID 7972 (D:\DevPlan\abackend\java-cloud-server\cart-service\target\classes started by konoh in D:\DevPlan\abackend\java-cloud-server)
23:23:52:878 DEBUG 7972 --- [main] com.hmall.cart.CartApplication           : Running with Spring Boot v2.7.12, Spring v5.3.27
23:23:52:879  INFO 7972 --- [main] com.hmall.cart.CartApplication           : The following 1 profile is active: "dev"
23:23:53:851  INFO 7972 --- [main] o.s.cloud.context.scope.GenericScope     : BeanFactory id=d05930e0-5ac6-3765-92f1-cfd0008b4c6b
23:23:54:187  INFO 7972 --- [main] o.s.b.w.embedded.tomcat.TomcatWebServer  : Tomcat initialized with port(s): 8082 (http)
23:23:54:195  INFO 7972 --- [main] o.apache.catalina.core.StandardService   : Starting service [Tomcat]
23:23:54:196  INFO 7972 --- [main] org.apache.catalina.core.StandardEngine  : Starting Servlet engine: [Apache Tomcat/9.0.75]
23:23:54:304  INFO 7972 --- [main] o.a.c.c.C.[Tomcat].[localhost].[/]       : Initializing Spring embedded WebApplicationContext
23:23:54:306  INFO 7972 --- [main] w.s.c.ServletWebServerApplicationContext : Root WebApplicationContext: initialization completed in 1365 ms
23:23:55:204  INFO 7972 --- [main] o.s.c.openfeign.FeignClientFactoryBean   : For 'item-service' URL not provided. Will try picking an instance via load-balancing.
23:23:56:557  INFO 7972 --- [main] pertySourcedRequestMappingHandlerMapping : Mapped URL path [/v2/api-docs] onto method [springfox.documentation.swagger2.web.Swagger2ControllerWebMvc#getDocumentation(String, HttpServletRequest)]
23:23:56:771  INFO 7972 --- [main] com.alibaba.nacos.common.remote.client   : [RpcClientFactory] create a new rpc client of 47f7abe4-a9fa-4949-89a9-5c4d4b447737
23:23:56:806  INFO 7972 --- [main] org.reflections.Reflections              : Reflections took 16 ms to scan 1 urls, producing 3 keys and 6 values 
23:23:56:821  INFO 7972 --- [main] org.reflections.Reflections              : Reflections took 5 ms to scan 1 urls, producing 4 keys and 9 values 
23:23:56:828  INFO 7972 --- [main] org.reflections.Reflections              : Reflections took 5 ms to scan 1 urls, producing 3 keys and 10 values 
23:23:56:829  WARN 7972 --- [main] org.reflections.Reflections              : given scan urls are empty. set urls in the configuration
23:23:56:833  INFO 7972 --- [main] org.reflections.Reflections              : Reflections took 3 ms to scan 1 urls, producing 1 keys and 5 values 
23:23:56:839  INFO 7972 --- [main] org.reflections.Reflections              : Reflections took 5 ms to scan 1 urls, producing 1 keys and 7 values 
23:23:56:845  INFO 7972 --- [main] org.reflections.Reflections              : Reflections took 4 ms to scan 1 urls, producing 2 keys and 8 values 
23:23:56:847  WARN 7972 --- [main] org.reflections.Reflections              : given scan urls are empty. set urls in the configuration
23:23:56:847  INFO 7972 --- [main] com.alibaba.nacos.common.remote.client   : [47f7abe4-a9fa-4949-89a9-5c4d4b447737] RpcClient init label, labels = {module=naming, source=sdk}
23:23:56:849  INFO 7972 --- [main] com.alibaba.nacos.common.remote.client   : [47f7abe4-a9fa-4949-89a9-5c4d4b447737] RpcClient init, ServerListFactory = com.alibaba.nacos.client.naming.core.ServerListManager
23:23:56:849  INFO 7972 --- [main] com.alibaba.nacos.common.remote.client   : [47f7abe4-a9fa-4949-89a9-5c4d4b447737] Registry connection listener to current client:com.alibaba.nacos.client.naming.remote.gprc.redo.NamingGrpcRedoService
23:23:56:849  INFO 7972 --- [main] com.alibaba.nacos.common.remote.client   : [47f7abe4-a9fa-4949-89a9-5c4d4b447737] Register server push request handler:com.alibaba.nacos.client.naming.remote.gprc.NamingPushRequestHandler
23:23:56:850  INFO 7972 --- [main] com.alibaba.nacos.common.remote.client   : [47f7abe4-a9fa-4949-89a9-5c4d4b447737] Try to connect to server on start up, server: {serverIp = 'localhost', server main port = 8848}
23:23:58:227  INFO 7972 --- [main] com.alibaba.nacos.common.remote.client   : [47f7abe4-a9fa-4949-89a9-5c4d4b447737] Success to connect to server [localhost:8848] on start up, connectionId = 1766157838037_172.17.0.1_42458
23:23:58:231  INFO 7972 --- [main] com.alibaba.nacos.common.remote.client   : [47f7abe4-a9fa-4949-89a9-5c4d4b447737] Register server push request handler:com.alibaba.nacos.common.remote.client.RpcClient$ConnectResetRequestHandler
23:23:58:233  INFO 7972 --- [main] com.alibaba.nacos.common.remote.client   : [47f7abe4-a9fa-4949-89a9-5c4d4b447737] Register server push request handler:com.alibaba.nacos.common.remote.client.RpcClient$$Lambda$979/0x0000000840624040
23:23:58:229  INFO 7972 --- [com.alibaba.nacos.client.remote.worker] com.alibaba.nacos.common.remote.client   : [47f7abe4-a9fa-4949-89a9-5c4d4b447737] Notify connected event to listeners.
23:23:58:345  INFO 7972 --- [main] o.s.b.w.embedded.tomcat.TomcatWebServer  : Tomcat started on port(s): 8082 (http) with context path ''
23:23:58:724  INFO 7972 --- [main] c.a.c.n.registry.NacosServiceRegistry    : nacos registry, DEFAULT_GROUP cart-service 10.54.218.1:8082 register finished
23:23:58:725  INFO 7972 --- [main] d.s.w.p.DocumentationPluginsBootstrapper : Documentation plugins bootstrapped
23:23:58:728  INFO 7972 --- [main] d.s.w.p.DocumentationPluginsBootstrapper : Found 1 custom documentation plugin(s)
23:23:58:746  INFO 7972 --- [main] s.d.s.w.s.ApiListingReferenceScanner     : Scanning for api listing references
23:23:58:817  INFO 7972 --- [nacos-grpc-client-executor-8] com.alibaba.nacos.common.remote.client   : [47f7abe4-a9fa-4949-89a9-5c4d4b447737] Receive server push request, request = NotifySubscriberRequest, requestId = 7
23:23:58:820  INFO 7972 --- [main] com.hmall.cart.CartApplication           : Started CartApplication in 6.672 seconds (JVM running for 7.398)
23:23:58:840  INFO 7972 --- [nacos-grpc-client-executor-8] com.alibaba.nacos.common.remote.client   : [47f7abe4-a9fa-4949-89a9-5c4d4b447737] Ack server push request, request = NotifySubscriberRequest, requestId = 7
23:24:04:157  INFO 7972 --- [http-nio-8082-exec-1] o.a.c.c.C.[Tomcat].[localhost].[/]       : Initializing Spring DispatcherServlet 'dispatcherServlet'
23:24:04:157  INFO 7972 --- [http-nio-8082-exec-1] o.s.web.servlet.DispatcherServlet        : Initializing Servlet 'dispatcherServlet'
23:24:04:159  INFO 7972 --- [http-nio-8082-exec-1] o.s.web.servlet.DispatcherServlet        : Completed initialization in 2 ms
23:24:04:242  INFO 7972 --- [http-nio-8082-exec-1] com.zaxxer.hikari.HikariDataSource       : HikariPool-1 - Starting...
23:24:04:527  INFO 7972 --- [http-nio-8082-exec-1] com.zaxxer.hikari.HikariDataSource       : HikariPool-1 - Start completed.
23:24:04:543 DEBUG 7972 --- [http-nio-8082-exec-1] c.h.cart.mapper.CartMapper.selectList    : ==>  Preparing: SELECT id,user_id,item_id,num,name,spec,price,image,create_time,update_time FROM cart WHERE (user_id = ?)
23:24:04:575 DEBUG 7972 --- [http-nio-8082-exec-1] c.h.cart.mapper.CartMapper.selectList    : ==> Parameters: 1(Long)
23:24:04:639 DEBUG 7972 --- [http-nio-8082-exec-1] c.h.cart.mapper.CartMapper.selectList    : <==      Total: 1
23:24:05:526  INFO 7972 --- [nacos-grpc-client-executor-11] com.alibaba.nacos.common.remote.client   : [47f7abe4-a9fa-4949-89a9-5c4d4b447737] Receive server push request, request = NotifySubscriberRequest, requestId = 8
23:24:05:527  INFO 7972 --- [nacos-grpc-client-executor-11] com.alibaba.nacos.common.remote.client   : [47f7abe4-a9fa-4949-89a9-5c4d4b447737] Ack server push request, request = NotifySubscriberRequest, requestId = 8
23:24:06:472 DEBUG 7972 --- [http-nio-8082-exec-3] c.h.cart.mapper.CartMapper.selectList    : ==>  Preparing: SELECT id,user_id,item_id,num,name,spec,price,image,create_time,update_time FROM cart WHERE (user_id = ?)
23:24:06:473 DEBUG 7972 --- [http-nio-8082-exec-3] c.h.cart.mapper.CartMapper.selectList    : ==> Parameters: 1(Long)
23:24:06:476 DEBUG 7972 --- [http-nio-8082-exec-3] c.h.cart.mapper.CartMapper.selectList    : <==      Total: 1
23:25:06:249  WARN 7972 --- [Thread-7] c.a.n.common.http.HttpClientBeanHolder   : [HttpClientBeanHolder] Start destroying common HttpClient
23:25:06:249  WARN 7972 --- [Thread-4] c.a.nacos.common.notify.NotifyCenter     : [NotifyCenter] Start destroying Publisher
23:25:06:250  WARN 7972 --- [Thread-7] c.a.n.common.http.HttpClientBeanHolder   : [HttpClientBeanHolder] Destruction of the end
23:25:06:250  WARN 7972 --- [Thread-4] c.a.nacos.common.notify.NotifyCenter     : [NotifyCenter] Destruction of the end
23:25:06:500  INFO 7972 --- [SpringApplicationShutdownHook] c.a.c.n.registry.NacosServiceRegistry    : De-registering from Nacos Server now...
23:25:06:506  INFO 7972 --- [SpringApplicationShutdownHook] c.a.c.n.registry.NacosServiceRegistry    : De-registration finished.
23:25:06:828  INFO 7972 --- [SpringApplicationShutdownHook] com.alibaba.nacos.common.remote.client   : Shutdown rpc client, set status to shutdown
23:25:06:828  INFO 7972 --- [SpringApplicationShutdownHook] com.alibaba.nacos.common.remote.client   : Shutdown client event executor java.util.concurrent.ScheduledThreadPoolExecutor@683f7ec4[Running, pool size = 2, active threads = 2, queued tasks = 0, completed tasks = 0]
23:25:06:829  INFO 7972 --- [SpringApplicationShutdownHook] com.alibaba.nacos.common.remote.client   : Close current connection 1766157838037_172.17.0.1_42458
23:25:06:834  INFO 7972 --- [nacos-grpc-client-executor-28] c.a.n.c.remote.client.grpc.GrpcClient    : [1766157838037_172.17.0.1_42458]Ignore complete event,isRunning:false,isAbandon=false
23:25:06:835  INFO 7972 --- [SpringApplicationShutdownHook] c.a.n.c.remote.client.grpc.GrpcClient    : Shutdown grpc executor java.util.concurrent.ThreadPoolExecutor@4a3ffdd2[Running, pool size = 7, active threads = 0, queued tasks = 0, completed tasks = 29]
23:25:06:840  INFO 7972 --- [SpringApplicationShutdownHook] com.zaxxer.hikari.HikariDataSource       : HikariPool-1 - Shutdown initiated...
23:25:06:863  INFO 7972 --- [SpringApplicationShutdownHook] com.zaxxer.hikari.HikariDataSource       : HikariPool-1 - Shutdown completed.
23:25:14:291  INFO 44140 --- [main] com.hmall.cart.CartApplication           : Starting CartApplication using Java 11.0.29 on DESKTOP-CRMIG1A with PID 44140 (D:\DevPlan\abackend\java-cloud-server\cart-service\target\classes started by konoh in D:\DevPlan\abackend\java-cloud-server)
23:25:14:293 DEBUG 44140 --- [main] com.hmall.cart.CartApplication           : Running with Spring Boot v2.7.12, Spring v5.3.27
23:25:14:294  INFO 44140 --- [main] com.hmall.cart.CartApplication           : The following 1 profile is active: "dev"
23:25:15:283  INFO 44140 --- [main] o.s.cloud.context.scope.GenericScope     : BeanFactory id=dfb2ade7-e5da-3d3b-b74f-6c2336609575
23:25:15:542  INFO 44140 --- [main] o.s.b.w.embedded.tomcat.TomcatWebServer  : Tomcat initialized with port(s): 8082 (http)
23:25:15:550  INFO 44140 --- [main] o.apache.catalina.core.StandardService   : Starting service [Tomcat]
23:25:15:552  INFO 44140 --- [main] org.apache.catalina.core.StandardEngine  : Starting Servlet engine: [Apache Tomcat/9.0.75]
23:25:15:674  INFO 44140 --- [main] o.a.c.c.C.[Tomcat].[localhost].[/]       : Initializing Spring embedded WebApplicationContext
23:25:15:674  INFO 44140 --- [main] w.s.c.ServletWebServerApplicationContext : Root WebApplicationContext: initialization completed in 1350 ms
23:25:16:641  INFO 44140 --- [main] o.s.c.openfeign.FeignClientFactoryBean   : For 'item-service' URL not provided. Will try picking an instance via load-balancing.
23:25:18:233  INFO 44140 --- [main] pertySourcedRequestMappingHandlerMapping : Mapped URL path [/v2/api-docs] onto method [springfox.documentation.swagger2.web.Swagger2ControllerWebMvc#getDocumentation(String, HttpServletRequest)]
23:25:18:393  INFO 44140 --- [main] com.alibaba.nacos.common.remote.client   : [RpcClientFactory] create a new rpc client of b07c6b9c-2ee5-41bb-b43a-a97a01d712ce
23:25:18:432  INFO 44140 --- [main] org.reflections.Reflections              : Reflections took 16 ms to scan 1 urls, producing 3 keys and 6 values 
23:25:18:452  INFO 44140 --- [main] org.reflections.Reflections              : Reflections took 6 ms to scan 1 urls, producing 4 keys and 9 values 
23:25:18:457  INFO 44140 --- [main] org.reflections.Reflections              : Reflections took 2 ms to scan 1 urls, producing 3 keys and 10 values 
23:25:18:462  WARN 44140 --- [main] org.reflections.Reflections              : given scan urls are empty. set urls in the configuration
23:25:18:470  INFO 44140 --- [main] org.reflections.Reflections              : Reflections took 6 ms to scan 1 urls, producing 1 keys and 5 values 
23:25:18:477  INFO 44140 --- [main] org.reflections.Reflections              : Reflections took 4 ms to scan 1 urls, producing 1 keys and 7 values 
23:25:18:484  INFO 44140 --- [main] org.reflections.Reflections              : Reflections took 6 ms to scan 1 urls, producing 2 keys and 8 values 
23:25:18:486  WARN 44140 --- [main] org.reflections.Reflections              : given scan urls are empty. set urls in the configuration
23:25:18:487  INFO 44140 --- [main] com.alibaba.nacos.common.remote.client   : [b07c6b9c-2ee5-41bb-b43a-a97a01d712ce] RpcClient init label, labels = {module=naming, source=sdk}
23:25:18:487  INFO 44140 --- [main] com.alibaba.nacos.common.remote.client   : [b07c6b9c-2ee5-41bb-b43a-a97a01d712ce] RpcClient init, ServerListFactory = com.alibaba.nacos.client.naming.core.ServerListManager
23:25:18:487  INFO 44140 --- [main] com.alibaba.nacos.common.remote.client   : [b07c6b9c-2ee5-41bb-b43a-a97a01d712ce] Registry connection listener to current client:com.alibaba.nacos.client.naming.remote.gprc.redo.NamingGrpcRedoService
23:25:18:487  INFO 44140 --- [main] com.alibaba.nacos.common.remote.client   : [b07c6b9c-2ee5-41bb-b43a-a97a01d712ce] Register server push request handler:com.alibaba.nacos.client.naming.remote.gprc.NamingPushRequestHandler
23:25:18:489  INFO 44140 --- [main] com.alibaba.nacos.common.remote.client   : [b07c6b9c-2ee5-41bb-b43a-a97a01d712ce] Try to connect to server on start up, server: {serverIp = 'localhost', server main port = 8848}
23:25:19:915  INFO 44140 --- [main] com.alibaba.nacos.common.remote.client   : [b07c6b9c-2ee5-41bb-b43a-a97a01d712ce] Success to connect to server [localhost:8848] on start up, connectionId = 1766157919706_172.17.0.1_32830
23:25:19:916  INFO 44140 --- [com.alibaba.nacos.client.remote.worker] com.alibaba.nacos.common.remote.client   : [b07c6b9c-2ee5-41bb-b43a-a97a01d712ce] Notify connected event to listeners.
23:25:19:920  INFO 44140 --- [main] com.alibaba.nacos.common.remote.client   : [b07c6b9c-2ee5-41bb-b43a-a97a01d712ce] Register server push request handler:com.alibaba.nacos.common.remote.client.RpcClient$ConnectResetRequestHandler
23:25:19:922  INFO 44140 --- [main] com.alibaba.nacos.common.remote.client   : [b07c6b9c-2ee5-41bb-b43a-a97a01d712ce] Register server push request handler:com.alibaba.nacos.common.remote.client.RpcClient$$Lambda$991/0x000000084069e040
23:25:20:043  INFO 44140 --- [main] o.s.b.w.embedded.tomcat.TomcatWebServer  : Tomcat started on port(s): 8082 (http) with context path ''
23:25:20:403  INFO 44140 --- [main] c.a.c.n.registry.NacosServiceRegistry    : nacos registry, DEFAULT_GROUP cart-service 10.54.218.1:8082 register finished
23:25:20:403  INFO 44140 --- [main] d.s.w.p.DocumentationPluginsBootstrapper : Documentation plugins bootstrapped
23:25:20:409  INFO 44140 --- [main] d.s.w.p.DocumentationPluginsBootstrapper : Found 1 custom documentation plugin(s)
23:25:20:424  INFO 44140 --- [main] s.d.s.w.s.ApiListingReferenceScanner     : Scanning for api listing references
23:25:20:504  INFO 44140 --- [main] com.hmall.cart.CartApplication           : Started CartApplication in 6.924 seconds (JVM running for 7.456)
23:25:20:510  INFO 44140 --- [nacos-grpc-client-executor-6] com.alibaba.nacos.common.remote.client   : [b07c6b9c-2ee5-41bb-b43a-a97a01d712ce] Receive server push request, request = NotifySubscriberRequest, requestId = 9
23:25:20:528  INFO 44140 --- [nacos-grpc-client-executor-6] com.alibaba.nacos.common.remote.client   : [b07c6b9c-2ee5-41bb-b43a-a97a01d712ce] Ack server push request, request = NotifySubscriberRequest, requestId = 9
23:27:04:879  WARN 44140 --- [Thread-7] c.a.n.common.http.HttpClientBeanHolder   : [HttpClientBeanHolder] Start destroying common HttpClient
23:27:04:879  WARN 44140 --- [Thread-4] c.a.nacos.common.notify.NotifyCenter     : [NotifyCenter] Start destroying Publisher
23:27:04:880  WARN 44140 --- [Thread-4] c.a.nacos.common.notify.NotifyCenter     : [NotifyCenter] Destruction of the end
23:27:04:880  WARN 44140 --- [Thread-7] c.a.n.common.http.HttpClientBeanHolder   : [HttpClientBeanHolder] Destruction of the end
23:27:05:158  INFO 44140 --- [SpringApplicationShutdownHook] c.a.c.n.registry.NacosServiceRegistry    : De-registering from Nacos Server now...
23:27:05:164  INFO 44140 --- [SpringApplicationShutdownHook] c.a.c.n.registry.NacosServiceRegistry    : De-registration finished.
23:27:05:495  INFO 44140 --- [SpringApplicationShutdownHook] com.alibaba.nacos.common.remote.client   : Shutdown rpc client, set status to shutdown
23:27:05:496  INFO 44140 --- [SpringApplicationShutdownHook] com.alibaba.nacos.common.remote.client   : Shutdown client event executor java.util.concurrent.ScheduledThreadPoolExecutor@56190426[Running, pool size = 2, active threads = 2, queued tasks = 0, completed tasks = 0]
23:27:05:496  INFO 44140 --- [SpringApplicationShutdownHook] com.alibaba.nacos.common.remote.client   : Close current connection 1766157919706_172.17.0.1_32830
23:27:05:500  INFO 44140 --- [nacos-grpc-client-executor-33] c.a.n.c.remote.client.grpc.GrpcClient    : [1766157919706_172.17.0.1_32830]Ignore complete event,isRunning:false,isAbandon=false
23:27:05:502  INFO 44140 --- [SpringApplicationShutdownHook] c.a.n.c.remote.client.grpc.GrpcClient    : Shutdown grpc executor java.util.concurrent.ThreadPoolExecutor@7e80f54[Running, pool size = 5, active threads = 0, queued tasks = 0, completed tasks = 34]
23:27:08:979  INFO 31856 --- [main] com.hmall.cart.CartApplication           : Starting CartApplication using Java 11.0.29 on DESKTOP-CRMIG1A with PID 31856 (D:\DevPlan\abackend\java-cloud-server\cart-service\target\classes started by konoh in D:\DevPlan\abackend\java-cloud-server)
23:27:08:981 DEBUG 31856 --- [main] com.hmall.cart.CartApplication           : Running with Spring Boot v2.7.12, Spring v5.3.27
23:27:08:981  INFO 31856 --- [main] com.hmall.cart.CartApplication           : The following 1 profile is active: "dev"
23:27:09:803  INFO 31856 --- [main] o.s.cloud.context.scope.GenericScope     : BeanFactory id=dfb2ade7-e5da-3d3b-b74f-6c2336609575
23:27:10:115  INFO 31856 --- [main] o.s.b.w.embedded.tomcat.TomcatWebServer  : Tomcat initialized with port(s): 8082 (http)
23:27:10:124  INFO 31856 --- [main] o.apache.catalina.core.StandardService   : Starting service [Tomcat]
23:27:10:124  INFO 31856 --- [main] org.apache.catalina.core.StandardEngine  : Starting Servlet engine: [Apache Tomcat/9.0.75]
23:27:10:290  INFO 31856 --- [main] o.a.c.c.C.[Tomcat].[localhost].[/]       : Initializing Spring embedded WebApplicationContext
23:27:10:290  INFO 31856 --- [main] w.s.c.ServletWebServerApplicationContext : Root WebApplicationContext: initialization completed in 1279 ms
23:27:11:200  INFO 31856 --- [main] o.s.c.openfeign.FeignClientFactoryBean   : For 'item-service' URL not provided. Will try picking an instance via load-balancing.
23:27:12:804  INFO 31856 --- [main] pertySourcedRequestMappingHandlerMapping : Mapped URL path [/v2/api-docs] onto method [springfox.documentation.swagger2.web.Swagger2ControllerWebMvc#getDocumentation(String, HttpServletRequest)]
23:27:12:975  INFO 31856 --- [main] com.alibaba.nacos.common.remote.client   : [RpcClientFactory] create a new rpc client of e6fa3eb4-5f4a-4991-9c77-66f128b92579
23:27:13:007  INFO 31856 --- [main] org.reflections.Reflections              : Reflections took 15 ms to scan 1 urls, producing 3 keys and 6 values 
23:27:13:025  INFO 31856 --- [main] org.reflections.Reflections              : Reflections took 6 ms to scan 1 urls, producing 4 keys and 9 values 
23:27:13:032  INFO 31856 --- [main] org.reflections.Reflections              : Reflections took 5 ms to scan 1 urls, producing 3 keys and 10 values 
23:27:13:035  WARN 31856 --- [main] org.reflections.Reflections              : given scan urls are empty. set urls in the configuration
23:27:13:039  INFO 31856 --- [main] org.reflections.Reflections              : Reflections took 4 ms to scan 1 urls, producing 1 keys and 5 values 
23:27:13:045  INFO 31856 --- [main] org.reflections.Reflections              : Reflections took 4 ms to scan 1 urls, producing 1 keys and 7 values 
23:27:13:051  INFO 31856 --- [main] org.reflections.Reflections              : Reflections took 4 ms to scan 1 urls, producing 2 keys and 8 values 
23:27:13:053  WARN 31856 --- [main] org.reflections.Reflections              : given scan urls are empty. set urls in the configuration
23:27:13:054  INFO 31856 --- [main] com.alibaba.nacos.common.remote.client   : [e6fa3eb4-5f4a-4991-9c77-66f128b92579] RpcClient init label, labels = {module=naming, source=sdk}
23:27:13:056  INFO 31856 --- [main] com.alibaba.nacos.common.remote.client   : [e6fa3eb4-5f4a-4991-9c77-66f128b92579] RpcClient init, ServerListFactory = com.alibaba.nacos.client.naming.core.ServerListManager
23:27:13:056  INFO 31856 --- [main] com.alibaba.nacos.common.remote.client   : [e6fa3eb4-5f4a-4991-9c77-66f128b92579] Registry connection listener to current client:com.alibaba.nacos.client.naming.remote.gprc.redo.NamingGrpcRedoService
23:27:13:057  INFO 31856 --- [main] com.alibaba.nacos.common.remote.client   : [e6fa3eb4-5f4a-4991-9c77-66f128b92579] Register server push request handler:com.alibaba.nacos.client.naming.remote.gprc.NamingPushRequestHandler
23:27:13:058  INFO 31856 --- [main] com.alibaba.nacos.common.remote.client   : [e6fa3eb4-5f4a-4991-9c77-66f128b92579] Try to connect to server on start up, server: {serverIp = 'localhost', server main port = 8848}
23:27:14:554  INFO 31856 --- [main] com.alibaba.nacos.common.remote.client   : [e6fa3eb4-5f4a-4991-9c77-66f128b92579] Success to connect to server [localhost:8848] on start up, connectionId = 1766158034355_172.17.0.1_57158
23:27:14:555  INFO 31856 --- [com.alibaba.nacos.client.remote.worker] com.alibaba.nacos.common.remote.client   : [e6fa3eb4-5f4a-4991-9c77-66f128b92579] Notify connected event to listeners.
23:27:14:558  INFO 31856 --- [main] com.alibaba.nacos.common.remote.client   : [e6fa3eb4-5f4a-4991-9c77-66f128b92579] Register server push request handler:com.alibaba.nacos.common.remote.client.RpcClient$ConnectResetRequestHandler
23:27:14:559  INFO 31856 --- [main] com.alibaba.nacos.common.remote.client   : [e6fa3eb4-5f4a-4991-9c77-66f128b92579] Register server push request handler:com.alibaba.nacos.common.remote.client.RpcClient$$Lambda$991/0x000000084069e040
23:27:14:671  INFO 31856 --- [main] o.s.b.w.embedded.tomcat.TomcatWebServer  : Tomcat started on port(s): 8082 (http) with context path ''
23:27:15:060  INFO 31856 --- [main] c.a.c.n.registry.NacosServiceRegistry    : nacos registry, DEFAULT_GROUP cart-service 10.54.218.1:8082 register finished
23:27:15:062  INFO 31856 --- [main] d.s.w.p.DocumentationPluginsBootstrapper : Documentation plugins bootstrapped
23:27:15:065  INFO 31856 --- [main] d.s.w.p.DocumentationPluginsBootstrapper : Found 1 custom documentation plugin(s)
23:27:15:088  INFO 31856 --- [main] s.d.s.w.s.ApiListingReferenceScanner     : Scanning for api listing references
23:27:15:106  INFO 31856 --- [nacos-grpc-client-executor-7] com.alibaba.nacos.common.remote.client   : [e6fa3eb4-5f4a-4991-9c77-66f128b92579] Receive server push request, request = NotifySubscriberRequest, requestId = 10
23:27:15:126  INFO 31856 --- [nacos-grpc-client-executor-7] com.alibaba.nacos.common.remote.client   : [e6fa3eb4-5f4a-4991-9c77-66f128b92579] Ack server push request, request = NotifySubscriberRequest, requestId = 10
23:27:15:162  INFO 31856 --- [main] com.hmall.cart.CartApplication           : Started CartApplication in 6.885 seconds (JVM running for 7.592)
23:27:18:172  INFO 31856 --- [http-nio-8082-exec-1] o.a.c.c.C.[Tomcat].[localhost].[/]       : Initializing Spring DispatcherServlet 'dispatcherServlet'
23:27:18:177  INFO 31856 --- [http-nio-8082-exec-1] o.s.web.servlet.DispatcherServlet        : Initializing Servlet 'dispatcherServlet'
23:27:18:177  INFO 31856 --- [http-nio-8082-exec-1] o.s.web.servlet.DispatcherServlet        : Completed initialization in 0 ms
23:27:18:430  INFO 31856 --- [http-nio-8082-exec-1] com.zaxxer.hikari.HikariDataSource       : HikariPool-1 - Starting...
23:27:18:906  INFO 31856 --- [http-nio-8082-exec-1] com.zaxxer.hikari.HikariDataSource       : HikariPool-1 - Start completed.
23:27:18:913 DEBUG 31856 --- [http-nio-8082-exec-1] c.h.cart.mapper.CartMapper.selectList    : ==>  Preparing: SELECT id,user_id,item_id,num,name,spec,price,image,create_time,update_time FROM cart WHERE (user_id = ?)
23:27:18:952 DEBUG 31856 --- [http-nio-8082-exec-1] c.h.cart.mapper.CartMapper.selectList    : ==> Parameters: 1(Long)
23:27:18:991 DEBUG 31856 --- [http-nio-8082-exec-1] c.h.cart.mapper.CartMapper.selectList    : <==      Total: 1
23:27:19:905  INFO 31856 --- [nacos-grpc-client-executor-10] com.alibaba.nacos.common.remote.client   : [e6fa3eb4-5f4a-4991-9c77-66f128b92579] Receive server push request, request = NotifySubscriberRequest, requestId = 11
23:27:19:908  INFO 31856 --- [nacos-grpc-client-executor-10] com.alibaba.nacos.common.remote.client   : [e6fa3eb4-5f4a-4991-9c77-66f128b92579] Ack server push request, request = NotifySubscriberRequest, requestId = 11
23:27:26:985 DEBUG 31856 --- [http-nio-8082-exec-2] c.h.cart.mapper.CartMapper.selectList    : ==>  Preparing: SELECT id,user_id,item_id,num,name,spec,price,image,create_time,update_time FROM cart WHERE (user_id = ?)
23:27:26:986 DEBUG 31856 --- [http-nio-8082-exec-2] c.h.cart.mapper.CartMapper.selectList    : ==> Parameters: 1(Long)
23:27:26:991 DEBUG 31856 --- [http-nio-8082-exec-2] c.h.cart.mapper.CartMapper.selectList    : <==      Total: 1
23:27:28:713 DEBUG 31856 --- [http-nio-8082-exec-9] c.h.cart.mapper.CartMapper.selectList    : ==>  Preparing: SELECT id,user_id,item_id,num,name,spec,price,image,create_time,update_time FROM cart WHERE (user_id = ?)
23:27:28:714 DEBUG 31856 --- [http-nio-8082-exec-9] c.h.cart.mapper.CartMapper.selectList    : ==> Parameters: 1(Long)
23:27:28:717 DEBUG 31856 --- [http-nio-8082-exec-9] c.h.cart.mapper.CartMapper.selectList    : <==      Total: 1
23:27:29:586 DEBUG 31856 --- [http-nio-8082-exec-3] c.h.cart.mapper.CartMapper.selectList    : ==>  Preparing: SELECT id,user_id,item_id,num,name,spec,price,image,create_time,update_time FROM cart WHERE (user_id = ?)
23:27:29:587 DEBUG 31856 --- [http-nio-8082-exec-3] c.h.cart.mapper.CartMapper.selectList    : ==> Parameters: 1(Long)
23:27:29:592 DEBUG 31856 --- [http-nio-8082-exec-3] c.h.cart.mapper.CartMapper.selectList    : <==      Total: 1
23:27:30:391 DEBUG 31856 --- [http-nio-8082-exec-5] c.h.cart.mapper.CartMapper.selectList    : ==>  Preparing: SELECT id,user_id,item_id,num,name,spec,price,image,create_time,update_time FROM cart WHERE (user_id = ?)
23:27:30:391 DEBUG 31856 --- [http-nio-8082-exec-5] c.h.cart.mapper.CartMapper.selectList    : ==> Parameters: 1(Long)
23:27:30:394 DEBUG 31856 --- [http-nio-8082-exec-5] c.h.cart.mapper.CartMapper.selectList    : <==      Total: 1
23:27:31:114 DEBUG 31856 --- [http-nio-8082-exec-6] c.h.cart.mapper.CartMapper.selectList    : ==>  Preparing: SELECT id,user_id,item_id,num,name,spec,price,image,create_time,update_time FROM cart WHERE (user_id = ?)
23:27:31:114 DEBUG 31856 --- [http-nio-8082-exec-6] c.h.cart.mapper.CartMapper.selectList    : ==> Parameters: 1(Long)
23:27:31:120 DEBUG 31856 --- [http-nio-8082-exec-6] c.h.cart.mapper.CartMapper.selectList    : <==      Total: 1
23:27:31:717 DEBUG 31856 --- [http-nio-8082-exec-8] c.h.cart.mapper.CartMapper.selectList    : ==>  Preparing: SELECT id,user_id,item_id,num,name,spec,price,image,create_time,update_time FROM cart WHERE (user_id = ?)
23:27:31:718 DEBUG 31856 --- [http-nio-8082-exec-8] c.h.cart.mapper.CartMapper.selectList    : ==> Parameters: 1(Long)
23:27:31:721 DEBUG 31856 --- [http-nio-8082-exec-8] c.h.cart.mapper.CartMapper.selectList    : <==      Total: 1
23:27:32:304 DEBUG 31856 --- [http-nio-8082-exec-7] c.h.cart.mapper.CartMapper.selectList    : ==>  Preparing: SELECT id,user_id,item_id,num,name,spec,price,image,create_time,update_time FROM cart WHERE (user_id = ?)
23:27:32:306 DEBUG 31856 --- [http-nio-8082-exec-7] c.h.cart.mapper.CartMapper.selectList    : ==> Parameters: 1(Long)
23:27:32:312 DEBUG 31856 --- [http-nio-8082-exec-7] c.h.cart.mapper.CartMapper.selectList    : <==      Total: 1
23:27:32:904 DEBUG 31856 --- [http-nio-8082-exec-4] c.h.cart.mapper.CartMapper.selectList    : ==>  Preparing: SELECT id,user_id,item_id,num,name,spec,price,image,create_time,update_time FROM cart WHERE (user_id = ?)
23:27:32:905 DEBUG 31856 --- [http-nio-8082-exec-4] c.h.cart.mapper.CartMapper.selectList    : ==> Parameters: 1(Long)
23:27:32:908 DEBUG 31856 --- [http-nio-8082-exec-4] c.h.cart.mapper.CartMapper.selectList    : <==      Total: 1
23:27:33:401 DEBUG 31856 --- [http-nio-8082-exec-10] c.h.cart.mapper.CartMapper.selectList    : ==>  Preparing: SELECT id,user_id,item_id,num,name,spec,price,image,create_time,update_time FROM cart WHERE (user_id = ?)
23:27:33:401 DEBUG 31856 --- [http-nio-8082-exec-10] c.h.cart.mapper.CartMapper.selectList    : ==> Parameters: 1(Long)
23:27:33:408 DEBUG 31856 --- [http-nio-8082-exec-10] c.h.cart.mapper.CartMapper.selectList    : <==      Total: 1
23:27:33:616 DEBUG 31856 --- [http-nio-8082-exec-1] c.h.cart.mapper.CartMapper.selectList    : ==>  Preparing: SELECT id,user_id,item_id,num,name,spec,price,image,create_time,update_time FROM cart WHERE (user_id = ?)
23:27:33:619 DEBUG 31856 --- [http-nio-8082-exec-1] c.h.cart.mapper.CartMapper.selectList    : ==> Parameters: 1(Long)
23:27:33:623 DEBUG 31856 --- [http-nio-8082-exec-1] c.h.cart.mapper.CartMapper.selectList    : <==      Total: 1
23:27:33:927 DEBUG 31856 --- [http-nio-8082-exec-2] c.h.cart.mapper.CartMapper.selectList    : ==>  Preparing: SELECT id,user_id,item_id,num,name,spec,price,image,create_time,update_time FROM cart WHERE (user_id = ?)
23:27:33:927 DEBUG 31856 --- [http-nio-8082-exec-2] c.h.cart.mapper.CartMapper.selectList    : ==> Parameters: 1(Long)
23:27:33:937 DEBUG 31856 --- [http-nio-8082-exec-2] c.h.cart.mapper.CartMapper.selectList    : <==      Total: 1
23:27:34:135 DEBUG 31856 --- [http-nio-8082-exec-9] c.h.cart.mapper.CartMapper.selectList    : ==>  Preparing: SELECT id,user_id,item_id,num,name,spec,price,image,create_time,update_time FROM cart WHERE (user_id = ?)
23:27:34:135 DEBUG 31856 --- [http-nio-8082-exec-9] c.h.cart.mapper.CartMapper.selectList    : ==> Parameters: 1(Long)
23:27:34:144 DEBUG 31856 --- [http-nio-8082-exec-9] c.h.cart.mapper.CartMapper.selectList    : <==      Total: 1
23:27:34:328 DEBUG 31856 --- [http-nio-8082-exec-3] c.h.cart.mapper.CartMapper.selectList    : ==>  Preparing: SELECT id,user_id,item_id,num,name,spec,price,image,create_time,update_time FROM cart WHERE (user_id = ?)
23:27:34:330 DEBUG 31856 --- [http-nio-8082-exec-3] c.h.cart.mapper.CartMapper.selectList    : ==> Parameters: 1(Long)
23:27:34:334 DEBUG 31856 --- [http-nio-8082-exec-3] c.h.cart.mapper.CartMapper.selectList    : <==      Total: 1
23:27:34:531 DEBUG 31856 --- [http-nio-8082-exec-5] c.h.cart.mapper.CartMapper.selectList    : ==>  Preparing: SELECT id,user_id,item_id,num,name,spec,price,image,create_time,update_time FROM cart WHERE (user_id = ?)
23:27:34:532 DEBUG 31856 --- [http-nio-8082-exec-5] c.h.cart.mapper.CartMapper.selectList    : ==> Parameters: 1(Long)
23:27:34:538 DEBUG 31856 --- [http-nio-8082-exec-5] c.h.cart.mapper.CartMapper.selectList    : <==      Total: 1
23:27:34:725 DEBUG 31856 --- [http-nio-8082-exec-6] c.h.cart.mapper.CartMapper.selectList    : ==>  Preparing: SELECT id,user_id,item_id,num,name,spec,price,image,create_time,update_time FROM cart WHERE (user_id = ?)
23:27:34:725 DEBUG 31856 --- [http-nio-8082-exec-6] c.h.cart.mapper.CartMapper.selectList    : ==> Parameters: 1(Long)
23:27:34:731 DEBUG 31856 --- [http-nio-8082-exec-6] c.h.cart.mapper.CartMapper.selectList    : <==      Total: 1
23:27:34:917 DEBUG 31856 --- [http-nio-8082-exec-8] c.h.cart.mapper.CartMapper.selectList    : ==>  Preparing: SELECT id,user_id,item_id,num,name,spec,price,image,create_time,update_time FROM cart WHERE (user_id = ?)
23:27:34:917 DEBUG 31856 --- [http-nio-8082-exec-8] c.h.cart.mapper.CartMapper.selectList    : ==> Parameters: 1(Long)
23:27:34:923 DEBUG 31856 --- [http-nio-8082-exec-8] c.h.cart.mapper.CartMapper.selectList    : <==      Total: 1
23:27:35:116 DEBUG 31856 --- [http-nio-8082-exec-7] c.h.cart.mapper.CartMapper.selectList    : ==>  Preparing: SELECT id,user_id,item_id,num,name,spec,price,image,create_time,update_time FROM cart WHERE (user_id = ?)
23:27:35:116 DEBUG 31856 --- [http-nio-8082-exec-7] c.h.cart.mapper.CartMapper.selectList    : ==> Parameters: 1(Long)
23:27:35:122 DEBUG 31856 --- [http-nio-8082-exec-7] c.h.cart.mapper.CartMapper.selectList    : <==      Total: 1
23:27:35:287 DEBUG 31856 --- [http-nio-8082-exec-4] c.h.cart.mapper.CartMapper.selectList    : ==>  Preparing: SELECT id,user_id,item_id,num,name,spec,price,image,create_time,update_time FROM cart WHERE (user_id = ?)
23:27:35:287 DEBUG 31856 --- [http-nio-8082-exec-4] c.h.cart.mapper.CartMapper.selectList    : ==> Parameters: 1(Long)
23:27:35:296 DEBUG 31856 --- [http-nio-8082-exec-4] c.h.cart.mapper.CartMapper.selectList    : <==      Total: 1
23:27:35:468 DEBUG 31856 --- [http-nio-8082-exec-10] c.h.cart.mapper.CartMapper.selectList    : ==>  Preparing: SELECT id,user_id,item_id,num,name,spec,price,image,create_time,update_time FROM cart WHERE (user_id = ?)
23:27:35:468 DEBUG 31856 --- [http-nio-8082-exec-10] c.h.cart.mapper.CartMapper.selectList    : ==> Parameters: 1(Long)
23:27:35:471 DEBUG 31856 --- [http-nio-8082-exec-10] c.h.cart.mapper.CartMapper.selectList    : <==      Total: 1
23:27:35:658 DEBUG 31856 --- [http-nio-8082-exec-1] c.h.cart.mapper.CartMapper.selectList    : ==>  Preparing: SELECT id,user_id,item_id,num,name,spec,price,image,create_time,update_time FROM cart WHERE (user_id = ?)
23:27:35:658 DEBUG 31856 --- [http-nio-8082-exec-1] c.h.cart.mapper.CartMapper.selectList    : ==> Parameters: 1(Long)
23:27:35:667 DEBUG 31856 --- [http-nio-8082-exec-1] c.h.cart.mapper.CartMapper.selectList    : <==      Total: 1
23:27:35:830 DEBUG 31856 --- [http-nio-8082-exec-2] c.h.cart.mapper.CartMapper.selectList    : ==>  Preparing: SELECT id,user_id,item_id,num,name,spec,price,image,create_time,update_time FROM cart WHERE (user_id = ?)
23:27:35:835 DEBUG 31856 --- [http-nio-8082-exec-2] c.h.cart.mapper.CartMapper.selectList    : ==> Parameters: 1(Long)
23:27:35:840 DEBUG 31856 --- [http-nio-8082-exec-2] c.h.cart.mapper.CartMapper.selectList    : <==      Total: 1
23:27:36:036 DEBUG 31856 --- [http-nio-8082-exec-9] c.h.cart.mapper.CartMapper.selectList    : ==>  Preparing: SELECT id,user_id,item_id,num,name,spec,price,image,create_time,update_time FROM cart WHERE (user_id = ?)
23:27:36:036 DEBUG 31856 --- [http-nio-8082-exec-9] c.h.cart.mapper.CartMapper.selectList    : ==> Parameters: 1(Long)
23:27:36:044 DEBUG 31856 --- [http-nio-8082-exec-9] c.h.cart.mapper.CartMapper.selectList    : <==      Total: 1
23:27:36:223 DEBUG 31856 --- [http-nio-8082-exec-3] c.h.cart.mapper.CartMapper.selectList    : ==>  Preparing: SELECT id,user_id,item_id,num,name,spec,price,image,create_time,update_time FROM cart WHERE (user_id = ?)
23:27:36:224 DEBUG 31856 --- [http-nio-8082-exec-3] c.h.cart.mapper.CartMapper.selectList    : ==> Parameters: 1(Long)
23:27:36:232 DEBUG 31856 --- [http-nio-8082-exec-3] c.h.cart.mapper.CartMapper.selectList    : <==      Total: 1
23:27:36:397 DEBUG 31856 --- [http-nio-8082-exec-5] c.h.cart.mapper.CartMapper.selectList    : ==>  Preparing: SELECT id,user_id,item_id,num,name,spec,price,image,create_time,update_time FROM cart WHERE (user_id = ?)
23:27:36:399 DEBUG 31856 --- [http-nio-8082-exec-5] c.h.cart.mapper.CartMapper.selectList    : ==> Parameters: 1(Long)
23:27:36:405 DEBUG 31856 --- [http-nio-8082-exec-5] c.h.cart.mapper.CartMapper.selectList    : <==      Total: 1
23:27:36:566 DEBUG 31856 --- [http-nio-8082-exec-6] c.h.cart.mapper.CartMapper.selectList    : ==>  Preparing: SELECT id,user_id,item_id,num,name,spec,price,image,create_time,update_time FROM cart WHERE (user_id = ?)
23:27:36:568 DEBUG 31856 --- [http-nio-8082-exec-6] c.h.cart.mapper.CartMapper.selectList    : ==> Parameters: 1(Long)
23:27:36:571 DEBUG 31856 --- [http-nio-8082-exec-6] c.h.cart.mapper.CartMapper.selectList    : <==      Total: 1
23:27:36:760 DEBUG 31856 --- [http-nio-8082-exec-8] c.h.cart.mapper.CartMapper.selectList    : ==>  Preparing: SELECT id,user_id,item_id,num,name,spec,price,image,create_time,update_time FROM cart WHERE (user_id = ?)
23:27:36:760 DEBUG 31856 --- [http-nio-8082-exec-8] c.h.cart.mapper.CartMapper.selectList    : ==> Parameters: 1(Long)
23:27:36:765 DEBUG 31856 --- [http-nio-8082-exec-8] c.h.cart.mapper.CartMapper.selectList    : <==      Total: 1
23:27:36:944 DEBUG 31856 --- [http-nio-8082-exec-7] c.h.cart.mapper.CartMapper.selectList    : ==>  Preparing: SELECT id,user_id,item_id,num,name,spec,price,image,create_time,update_time FROM cart WHERE (user_id = ?)
23:27:36:944 DEBUG 31856 --- [http-nio-8082-exec-7] c.h.cart.mapper.CartMapper.selectList    : ==> Parameters: 1(Long)
23:27:36:951 DEBUG 31856 --- [http-nio-8082-exec-7] c.h.cart.mapper.CartMapper.selectList    : <==      Total: 1
23:27:37:147 DEBUG 31856 --- [http-nio-8082-exec-4] c.h.cart.mapper.CartMapper.selectList    : ==>  Preparing: SELECT id,user_id,item_id,num,name,spec,price,image,create_time,update_time FROM cart WHERE (user_id = ?)
23:27:37:147 DEBUG 31856 --- [http-nio-8082-exec-4] c.h.cart.mapper.CartMapper.selectList    : ==> Parameters: 1(Long)
23:27:37:152 DEBUG 31856 --- [http-nio-8082-exec-4] c.h.cart.mapper.CartMapper.selectList    : <==      Total: 1
23:27:37:348 DEBUG 31856 --- [http-nio-8082-exec-10] c.h.cart.mapper.CartMapper.selectList    : ==>  Preparing: SELECT id,user_id,item_id,num,name,spec,price,image,create_time,update_time FROM cart WHERE (user_id = ?)
23:27:37:348 DEBUG 31856 --- [http-nio-8082-exec-10] c.h.cart.mapper.CartMapper.selectList    : ==> Parameters: 1(Long)
23:27:37:353 DEBUG 31856 --- [http-nio-8082-exec-10] c.h.cart.mapper.CartMapper.selectList    : <==      Total: 1
23:27:37:539 DEBUG 31856 --- [http-nio-8082-exec-1] c.h.cart.mapper.CartMapper.selectList    : ==>  Preparing: SELECT id,user_id,item_id,num,name,spec,price,image,create_time,update_time FROM cart WHERE (user_id = ?)
23:27:37:539 DEBUG 31856 --- [http-nio-8082-exec-1] c.h.cart.mapper.CartMapper.selectList    : ==> Parameters: 1(Long)
23:27:37:548 DEBUG 31856 --- [http-nio-8082-exec-1] c.h.cart.mapper.CartMapper.selectList    : <==      Total: 1
23:27:37:762 DEBUG 31856 --- [http-nio-8082-exec-2] c.h.cart.mapper.CartMapper.selectList    : ==>  Preparing: SELECT id,user_id,item_id,num,name,spec,price,image,create_time,update_time FROM cart WHERE (user_id = ?)
23:27:37:762 DEBUG 31856 --- [http-nio-8082-exec-2] c.h.cart.mapper.CartMapper.selectList    : ==> Parameters: 1(Long)
23:27:37:767 DEBUG 31856 --- [http-nio-8082-exec-2] c.h.cart.mapper.CartMapper.selectList    : <==      Total: 1
23:27:37:986 DEBUG 31856 --- [http-nio-8082-exec-9] c.h.cart.mapper.CartMapper.selectList    : ==>  Preparing: SELECT id,user_id,item_id,num,name,spec,price,image,create_time,update_time FROM cart WHERE (user_id = ?)
23:27:37:986 DEBUG 31856 --- [http-nio-8082-exec-9] c.h.cart.mapper.CartMapper.selectList    : ==> Parameters: 1(Long)
23:27:37:993 DEBUG 31856 --- [http-nio-8082-exec-9] c.h.cart.mapper.CartMapper.selectList    : <==      Total: 1
23:30:48:444  WARN 31856 --- [Thread-4] c.a.nacos.common.notify.NotifyCenter     : [NotifyCenter] Start destroying Publisher
23:30:48:444  WARN 31856 --- [Thread-7] c.a.n.common.http.HttpClientBeanHolder   : [HttpClientBeanHolder] Start destroying common HttpClient
23:30:48:446  WARN 31856 --- [Thread-4] c.a.nacos.common.notify.NotifyCenter     : [NotifyCenter] Destruction of the end
23:30:48:446  WARN 31856 --- [Thread-7] c.a.n.common.http.HttpClientBeanHolder   : [HttpClientBeanHolder] Destruction of the end
23:30:48:733  INFO 31856 --- [SpringApplicationShutdownHook] c.a.c.n.registry.NacosServiceRegistry    : De-registering from Nacos Server now...
23:30:48:740  INFO 31856 --- [SpringApplicationShutdownHook] c.a.c.n.registry.NacosServiceRegistry    : De-registration finished.
23:30:49:072  INFO 31856 --- [SpringApplicationShutdownHook] com.alibaba.nacos.common.remote.client   : Shutdown rpc client, set status to shutdown
23:30:49:072  INFO 31856 --- [SpringApplicationShutdownHook] com.alibaba.nacos.common.remote.client   : Shutdown client event executor java.util.concurrent.ScheduledThreadPoolExecutor@2ee06340[Running, pool size = 2, active threads = 2, queued tasks = 0, completed tasks = 0]
23:30:49:073  INFO 31856 --- [SpringApplicationShutdownHook] com.alibaba.nacos.common.remote.client   : Close current connection 1766158034355_172.17.0.1_57158
23:30:49:078  INFO 31856 --- [SpringApplicationShutdownHook] c.a.n.c.remote.client.grpc.GrpcClient    : Shutdown grpc executor java.util.concurrent.ThreadPoolExecutor@791e09b7[Running, pool size = 3, active threads = 0, queued tasks = 0, completed tasks = 56]
23:30:49:083  INFO 31856 --- [SpringApplicationShutdownHook] com.zaxxer.hikari.HikariDataSource       : HikariPool-1 - Shutdown initiated...
23:30:49:106  INFO 31856 --- [SpringApplicationShutdownHook] com.zaxxer.hikari.HikariDataSource       : HikariPool-1 - Shutdown completed.
23:30:52:729  INFO 24944 --- [main] com.hmall.cart.CartApplication           : Starting CartApplication using Java 11.0.29 on DESKTOP-CRMIG1A with PID 24944 (D:\DevPlan\abackend\java-cloud-server\cart-service\target\classes started by konoh in D:\DevPlan\abackend\java-cloud-server)
23:30:52:731 DEBUG 24944 --- [main] com.hmall.cart.CartApplication           : Running with Spring Boot v2.7.12, Spring v5.3.27
23:30:52:732  INFO 24944 --- [main] com.hmall.cart.CartApplication           : The following 1 profile is active: "dev"
23:30:53:506  INFO 24944 --- [main] o.s.cloud.context.scope.GenericScope     : BeanFactory id=dfb2ade7-e5da-3d3b-b74f-6c2336609575
23:30:53:786  INFO 24944 --- [main] o.s.b.w.embedded.tomcat.TomcatWebServer  : Tomcat initialized with port(s): 8082 (http)
23:30:53:795  INFO 24944 --- [main] o.apache.catalina.core.StandardService   : Starting service [Tomcat]
23:30:53:796  INFO 24944 --- [main] org.apache.catalina.core.StandardEngine  : Starting Servlet engine: [Apache Tomcat/9.0.75]
23:30:53:913  INFO 24944 --- [main] o.a.c.c.C.[Tomcat].[localhost].[/]       : Initializing Spring embedded WebApplicationContext
23:30:53:914  INFO 24944 --- [main] w.s.c.ServletWebServerApplicationContext : Root WebApplicationContext: initialization completed in 1151 ms
23:30:54:769  INFO 24944 --- [main] o.s.c.openfeign.FeignClientFactoryBean   : For 'item-service' URL not provided. Will try picking an instance via load-balancing.
23:30:56:392  INFO 24944 --- [main] pertySourcedRequestMappingHandlerMapping : Mapped URL path [/v2/api-docs] onto method [springfox.documentation.swagger2.web.Swagger2ControllerWebMvc#getDocumentation(String, HttpServletRequest)]
23:30:56:562  INFO 24944 --- [main] com.alibaba.nacos.common.remote.client   : [RpcClientFactory] create a new rpc client of fd78070b-c0a1-41cb-a8af-d8063ac93979
23:30:56:590  INFO 24944 --- [main] org.reflections.Reflections              : Reflections took 15 ms to scan 1 urls, producing 3 keys and 6 values 
23:30:56:608  INFO 24944 --- [main] org.reflections.Reflections              : Reflections took 6 ms to scan 1 urls, producing 4 keys and 9 values 
23:30:56:615  INFO 24944 --- [main] org.reflections.Reflections              : Reflections took 4 ms to scan 1 urls, producing 3 keys and 10 values 
23:30:56:618  WARN 24944 --- [main] org.reflections.Reflections              : given scan urls are empty. set urls in the configuration
23:30:56:623  INFO 24944 --- [main] org.reflections.Reflections              : Reflections took 4 ms to scan 1 urls, producing 1 keys and 5 values 
23:30:56:629  INFO 24944 --- [main] org.reflections.Reflections              : Reflections took 4 ms to scan 1 urls, producing 1 keys and 7 values 
23:30:56:636  INFO 24944 --- [main] org.reflections.Reflections              : Reflections took 4 ms to scan 1 urls, producing 2 keys and 8 values 
23:30:56:638  WARN 24944 --- [main] org.reflections.Reflections              : given scan urls are empty. set urls in the configuration
23:30:56:639  INFO 24944 --- [main] com.alibaba.nacos.common.remote.client   : [fd78070b-c0a1-41cb-a8af-d8063ac93979] RpcClient init label, labels = {module=naming, source=sdk}
23:30:56:641  INFO 24944 --- [main] com.alibaba.nacos.common.remote.client   : [fd78070b-c0a1-41cb-a8af-d8063ac93979] RpcClient init, ServerListFactory = com.alibaba.nacos.client.naming.core.ServerListManager
23:30:56:641  INFO 24944 --- [main] com.alibaba.nacos.common.remote.client   : [fd78070b-c0a1-41cb-a8af-d8063ac93979] Registry connection listener to current client:com.alibaba.nacos.client.naming.remote.gprc.redo.NamingGrpcRedoService
23:30:56:642  INFO 24944 --- [main] com.alibaba.nacos.common.remote.client   : [fd78070b-c0a1-41cb-a8af-d8063ac93979] Register server push request handler:com.alibaba.nacos.client.naming.remote.gprc.NamingPushRequestHandler
23:30:56:644  INFO 24944 --- [main] com.alibaba.nacos.common.remote.client   : [fd78070b-c0a1-41cb-a8af-d8063ac93979] Try to connect to server on start up, server: {serverIp = 'localhost', server main port = 8848}
23:30:58:080  INFO 24944 --- [main] com.alibaba.nacos.common.remote.client   : [fd78070b-c0a1-41cb-a8af-d8063ac93979] Success to connect to server [localhost:8848] on start up, connectionId = 1766158257882_172.17.0.1_52028
23:30:58:082  INFO 24944 --- [com.alibaba.nacos.client.remote.worker] com.alibaba.nacos.common.remote.client   : [fd78070b-c0a1-41cb-a8af-d8063ac93979] Notify connected event to listeners.
23:30:58:084  INFO 24944 --- [main] com.alibaba.nacos.common.remote.client   : [fd78070b-c0a1-41cb-a8af-d8063ac93979] Register server push request handler:com.alibaba.nacos.common.remote.client.RpcClient$ConnectResetRequestHandler
23:30:58:086  INFO 24944 --- [main] com.alibaba.nacos.common.remote.client   : [fd78070b-c0a1-41cb-a8af-d8063ac93979] Register server push request handler:com.alibaba.nacos.common.remote.client.RpcClient$$Lambda$991/0x000000084069e040
23:30:58:205  INFO 24944 --- [main] o.s.b.w.embedded.tomcat.TomcatWebServer  : Tomcat started on port(s): 8082 (http) with context path ''
23:30:58:641  INFO 24944 --- [main] c.a.c.n.registry.NacosServiceRegistry    : nacos registry, DEFAULT_GROUP cart-service 10.54.218.1:8082 register finished
23:30:58:643  INFO 24944 --- [main] d.s.w.p.DocumentationPluginsBootstrapper : Documentation plugins bootstrapped
23:30:58:646  INFO 24944 --- [main] d.s.w.p.DocumentationPluginsBootstrapper : Found 1 custom documentation plugin(s)
23:30:58:664  INFO 24944 --- [main] s.d.s.w.s.ApiListingReferenceScanner     : Scanning for api listing references
23:30:58:690  INFO 24944 --- [nacos-grpc-client-executor-8] com.alibaba.nacos.common.remote.client   : [fd78070b-c0a1-41cb-a8af-d8063ac93979] Receive server push request, request = NotifySubscriberRequest, requestId = 12
23:30:58:716  INFO 24944 --- [nacos-grpc-client-executor-8] com.alibaba.nacos.common.remote.client   : [fd78070b-c0a1-41cb-a8af-d8063ac93979] Ack server push request, request = NotifySubscriberRequest, requestId = 12
23:30:58:742  INFO 24944 --- [main] com.hmall.cart.CartApplication           : Started CartApplication in 6.739 seconds (JVM running for 7.415)
23:31:00:726  INFO 24944 --- [http-nio-8082-exec-1] o.a.c.c.C.[Tomcat].[localhost].[/]       : Initializing Spring DispatcherServlet 'dispatcherServlet'
23:31:00:726  INFO 24944 --- [http-nio-8082-exec-1] o.s.web.servlet.DispatcherServlet        : Initializing Servlet 'dispatcherServlet'
23:31:00:727  INFO 24944 --- [http-nio-8082-exec-1] o.s.web.servlet.DispatcherServlet        : Completed initialization in 1 ms
23:31:00:816  INFO 24944 --- [http-nio-8082-exec-1] com.zaxxer.hikari.HikariDataSource       : HikariPool-1 - Starting...
23:31:00:985  INFO 24944 --- [http-nio-8082-exec-1] com.zaxxer.hikari.HikariDataSource       : HikariPool-1 - Start completed.
23:31:00:990 DEBUG 24944 --- [http-nio-8082-exec-1] c.h.cart.mapper.CartMapper.selectList    : ==>  Preparing: SELECT id,user_id,item_id,num,name,spec,price,image,create_time,update_time FROM cart WHERE (user_id = ?)
23:31:01:004 DEBUG 24944 --- [http-nio-8082-exec-1] c.h.cart.mapper.CartMapper.selectList    : ==> Parameters: 1(Long)
23:31:01:021 DEBUG 24944 --- [http-nio-8082-exec-1] c.h.cart.mapper.CartMapper.selectList    : <==      Total: 1
23:31:01:691  INFO 24944 --- [nacos-grpc-client-executor-11] com.alibaba.nacos.common.remote.client   : [fd78070b-c0a1-41cb-a8af-d8063ac93979] Receive server push request, request = NotifySubscriberRequest, requestId = 13
23:31:01:692  INFO 24944 --- [nacos-grpc-client-executor-11] com.alibaba.nacos.common.remote.client   : [fd78070b-c0a1-41cb-a8af-d8063ac93979] Ack server push request, request = NotifySubscriberRequest, requestId = 13
23:31:07:934  WARN 24944 --- [Thread-4] c.a.nacos.common.notify.NotifyCenter     : [NotifyCenter] Start destroying Publisher
23:31:07:934  WARN 24944 --- [Thread-4] c.a.nacos.common.notify.NotifyCenter     : [NotifyCenter] Destruction of the end
23:31:07:934  WARN 24944 --- [Thread-7] c.a.n.common.http.HttpClientBeanHolder   : [HttpClientBeanHolder] Start destroying common HttpClient
23:31:07:938  WARN 24944 --- [Thread-7] c.a.n.common.http.HttpClientBeanHolder   : [HttpClientBeanHolder] Destruction of the end
23:31:08:673  INFO 24944 --- [SpringApplicationShutdownHook] c.a.c.n.registry.NacosServiceRegistry    : De-registering from Nacos Server now...
23:31:08:682  INFO 24944 --- [SpringApplicationShutdownHook] c.a.c.n.registry.NacosServiceRegistry    : De-registration finished.
23:31:09:017  INFO 24944 --- [SpringApplicationShutdownHook] com.alibaba.nacos.common.remote.client   : Shutdown rpc client, set status to shutdown
23:31:09:017  INFO 24944 --- [SpringApplicationShutdownHook] com.alibaba.nacos.common.remote.client   : Shutdown client event executor java.util.concurrent.ScheduledThreadPoolExecutor@36732cf1[Running, pool size = 2, active threads = 2, queued tasks = 0, completed tasks = 0]
23:31:09:017  INFO 24944 --- [SpringApplicationShutdownHook] com.alibaba.nacos.common.remote.client   : Close current connection 1766158257882_172.17.0.1_52028
23:31:09:023  INFO 24944 --- [SpringApplicationShutdownHook] c.a.n.c.remote.client.grpc.GrpcClient    : Shutdown grpc executor java.util.concurrent.ThreadPoolExecutor@6ab57c5c[Running, pool size = 7, active threads = 0, queued tasks = 0, completed tasks = 16]
23:31:09:028  INFO 24944 --- [SpringApplicationShutdownHook] com.zaxxer.hikari.HikariDataSource       : HikariPool-1 - Shutdown initiated...
23:31:09:057  INFO 24944 --- [SpringApplicationShutdownHook] com.zaxxer.hikari.HikariDataSource       : HikariPool-1 - Shutdown completed.
23:31:13:584  INFO 32356 --- [main] com.hmall.cart.CartApplication           : Starting CartApplication using Java 11.0.29 on DESKTOP-CRMIG1A with PID 32356 (D:\DevPlan\abackend\java-cloud-server\cart-service\target\classes started by konoh in D:\DevPlan\abackend\java-cloud-server)
23:31:13:585 DEBUG 32356 --- [main] com.hmall.cart.CartApplication           : Running with Spring Boot v2.7.12, Spring v5.3.27
23:31:13:585  INFO 32356 --- [main] com.hmall.cart.CartApplication           : The following 1 profile is active: "dev"
23:31:14:416  INFO 32356 --- [main] o.s.cloud.context.scope.GenericScope     : BeanFactory id=dfb2ade7-e5da-3d3b-b74f-6c2336609575
23:31:14:715  INFO 32356 --- [main] o.s.b.w.embedded.tomcat.TomcatWebServer  : Tomcat initialized with port(s): 8082 (http)
23:31:14:723  INFO 32356 --- [main] o.apache.catalina.core.StandardService   : Starting service [Tomcat]
23:31:14:723  INFO 32356 --- [main] org.apache.catalina.core.StandardEngine  : Starting Servlet engine: [Apache Tomcat/9.0.75]
23:31:14:837  INFO 32356 --- [main] o.a.c.c.C.[Tomcat].[localhost].[/]       : Initializing Spring embedded WebApplicationContext
23:31:14:838  INFO 32356 --- [main] w.s.c.ServletWebServerApplicationContext : Root WebApplicationContext: initialization completed in 1217 ms
23:31:15:759  INFO 32356 --- [main] o.s.c.openfeign.FeignClientFactoryBean   : For 'item-service' URL not provided. Will try picking an instance via load-balancing.
23:31:17:395  INFO 32356 --- [main] pertySourcedRequestMappingHandlerMapping : Mapped URL path [/v2/api-docs] onto method [springfox.documentation.swagger2.web.Swagger2ControllerWebMvc#getDocumentation(String, HttpServletRequest)]
23:31:17:650  INFO 32356 --- [main] com.alibaba.nacos.common.remote.client   : [RpcClientFactory] create a new rpc client of 2dce9378-8287-44f0-b5d6-a097394ffdc9
23:31:17:683  INFO 32356 --- [main] org.reflections.Reflections              : Reflections took 14 ms to scan 1 urls, producing 3 keys and 6 values 
23:31:17:701  INFO 32356 --- [main] org.reflections.Reflections              : Reflections took 6 ms to scan 1 urls, producing 4 keys and 9 values 
23:31:17:708  INFO 32356 --- [main] org.reflections.Reflections              : Reflections took 5 ms to scan 1 urls, producing 3 keys and 10 values 
23:31:17:710  WARN 32356 --- [main] org.reflections.Reflections              : given scan urls are empty. set urls in the configuration
23:31:17:715  INFO 32356 --- [main] org.reflections.Reflections              : Reflections took 5 ms to scan 1 urls, producing 1 keys and 5 values 
23:31:17:722  INFO 32356 --- [main] org.reflections.Reflections              : Reflections took 5 ms to scan 1 urls, producing 1 keys and 7 values 
23:31:17:729  INFO 32356 --- [main] org.reflections.Reflections              : Reflections took 4 ms to scan 1 urls, producing 2 keys and 8 values 
23:31:17:732  WARN 32356 --- [main] org.reflections.Reflections              : given scan urls are empty. set urls in the configuration
23:31:17:733  INFO 32356 --- [main] com.alibaba.nacos.common.remote.client   : [2dce9378-8287-44f0-b5d6-a097394ffdc9] RpcClient init label, labels = {module=naming, source=sdk}
23:31:17:734  INFO 32356 --- [main] com.alibaba.nacos.common.remote.client   : [2dce9378-8287-44f0-b5d6-a097394ffdc9] RpcClient init, ServerListFactory = com.alibaba.nacos.client.naming.core.ServerListManager
23:31:17:734  INFO 32356 --- [main] com.alibaba.nacos.common.remote.client   : [2dce9378-8287-44f0-b5d6-a097394ffdc9] Registry connection listener to current client:com.alibaba.nacos.client.naming.remote.gprc.redo.NamingGrpcRedoService
23:31:17:735  INFO 32356 --- [main] com.alibaba.nacos.common.remote.client   : [2dce9378-8287-44f0-b5d6-a097394ffdc9] Register server push request handler:com.alibaba.nacos.client.naming.remote.gprc.NamingPushRequestHandler
23:31:17:736  INFO 32356 --- [main] com.alibaba.nacos.common.remote.client   : [2dce9378-8287-44f0-b5d6-a097394ffdc9] Try to connect to server on start up, server: {serverIp = 'localhost', server main port = 8848}
23:31:19:264  INFO 32356 --- [main] com.alibaba.nacos.common.remote.client   : [2dce9378-8287-44f0-b5d6-a097394ffdc9] Success to connect to server [localhost:8848] on start up, connectionId = 1766158279030_172.17.0.1_50720
23:31:19:266  INFO 32356 --- [com.alibaba.nacos.client.remote.worker] com.alibaba.nacos.common.remote.client   : [2dce9378-8287-44f0-b5d6-a097394ffdc9] Notify connected event to listeners.
23:31:19:270  INFO 32356 --- [main] com.alibaba.nacos.common.remote.client   : [2dce9378-8287-44f0-b5d6-a097394ffdc9] Register server push request handler:com.alibaba.nacos.common.remote.client.RpcClient$ConnectResetRequestHandler
23:31:19:272  INFO 32356 --- [main] com.alibaba.nacos.common.remote.client   : [2dce9378-8287-44f0-b5d6-a097394ffdc9] Register server push request handler:com.alibaba.nacos.common.remote.client.RpcClient$$Lambda$991/0x0000000840662040
23:31:19:355  INFO 32356 --- [main] o.s.b.w.embedded.tomcat.TomcatWebServer  : Tomcat started on port(s): 8082 (http) with context path ''
23:31:19:732  INFO 32356 --- [main] c.a.c.n.registry.NacosServiceRegistry    : nacos registry, DEFAULT_GROUP cart-service 10.54.218.1:8082 register finished
23:31:19:734  INFO 32356 --- [main] d.s.w.p.DocumentationPluginsBootstrapper : Documentation plugins bootstrapped
23:31:19:738  INFO 32356 --- [main] d.s.w.p.DocumentationPluginsBootstrapper : Found 1 custom documentation plugin(s)
23:31:19:765  INFO 32356 --- [main] s.d.s.w.s.ApiListingReferenceScanner     : Scanning for api listing references
23:31:19:840  INFO 32356 --- [nacos-grpc-client-executor-8] com.alibaba.nacos.common.remote.client   : [2dce9378-8287-44f0-b5d6-a097394ffdc9] Receive server push request, request = NotifySubscriberRequest, requestId = 14
23:31:19:862  INFO 32356 --- [main] com.hmall.cart.CartApplication           : Started CartApplication in 7.034 seconds (JVM running for 8.603)
23:31:19:871  INFO 32356 --- [nacos-grpc-client-executor-8] com.alibaba.nacos.common.remote.client   : [2dce9378-8287-44f0-b5d6-a097394ffdc9] Ack server push request, request = NotifySubscriberRequest, requestId = 14
23:31:21:349  INFO 32356 --- [http-nio-8082-exec-1] o.a.c.c.C.[Tomcat].[localhost].[/]       : Initializing Spring DispatcherServlet 'dispatcherServlet'
23:31:21:349  INFO 32356 --- [http-nio-8082-exec-1] o.s.web.servlet.DispatcherServlet        : Initializing Servlet 'dispatcherServlet'
23:31:21:351  INFO 32356 --- [http-nio-8082-exec-1] o.s.web.servlet.DispatcherServlet        : Completed initialization in 2 ms
23:31:21:422  INFO 32356 --- [http-nio-8082-exec-1] com.zaxxer.hikari.HikariDataSource       : HikariPool-1 - Starting...
23:31:21:618  INFO 32356 --- [http-nio-8082-exec-1] com.zaxxer.hikari.HikariDataSource       : HikariPool-1 - Start completed.
23:31:21:623 DEBUG 32356 --- [http-nio-8082-exec-1] c.h.cart.mapper.CartMapper.selectList    : ==>  Preparing: SELECT id,user_id,item_id,num,name,spec,price,image,create_time,update_time FROM cart WHERE (user_id = ?)
23:31:21:640 DEBUG 32356 --- [http-nio-8082-exec-1] c.h.cart.mapper.CartMapper.selectList    : ==> Parameters: 1(Long)
23:31:21:660 DEBUG 32356 --- [http-nio-8082-exec-1] c.h.cart.mapper.CartMapper.selectList    : <==      Total: 1
23:31:38:808  INFO 32356 --- [nacos-grpc-client-executor-11] com.alibaba.nacos.common.remote.client   : [2dce9378-8287-44f0-b5d6-a097394ffdc9] Receive server push request, request = NotifySubscriberRequest, requestId = 15
23:31:38:808  INFO 32356 --- [nacos-grpc-client-executor-11] com.alibaba.nacos.common.remote.client   : [2dce9378-8287-44f0-b5d6-a097394ffdc9] Ack server push request, request = NotifySubscriberRequest, requestId = 15
23:31:38:825  INFO 32356 --- [nacos-grpc-client-executor-13] com.alibaba.nacos.common.remote.client   : [2dce9378-8287-44f0-b5d6-a097394ffdc9] Receive server push request, request = NotifySubscriberRequest, requestId = 16
23:31:38:828  INFO 32356 --- [nacos-grpc-client-executor-13] com.alibaba.nacos.common.remote.client   : [2dce9378-8287-44f0-b5d6-a097394ffdc9] Ack server push request, request = NotifySubscriberRequest, requestId = 16
23:31:38:836  INFO 32356 --- [nacos-grpc-client-executor-15] com.alibaba.nacos.common.remote.client   : [2dce9378-8287-44f0-b5d6-a097394ffdc9] Receive server push request, request = NotifySubscriberRequest, requestId = 17
23:31:38:836  INFO 32356 --- [nacos-grpc-client-executor-15] com.alibaba.nacos.common.remote.client   : [2dce9378-8287-44f0-b5d6-a097394ffdc9] Ack server push request, request = NotifySubscriberRequest, requestId = 17
23:31:38:843  WARN 32356 --- [Thread-7] c.a.n.common.http.HttpClientBeanHolder   : [HttpClientBeanHolder] Start destroying common HttpClient
23:31:38:843  WARN 32356 --- [Thread-4] c.a.nacos.common.notify.NotifyCenter     : [NotifyCenter] Start destroying Publisher
23:31:38:844  WARN 32356 --- [Thread-4] c.a.nacos.common.notify.NotifyCenter     : [NotifyCenter] Destruction of the end
23:31:38:844  WARN 32356 --- [Thread-7] c.a.n.common.http.HttpClientBeanHolder   : [HttpClientBeanHolder] Destruction of the end
23:31:39:141  INFO 32356 --- [SpringApplicationShutdownHook] c.a.c.n.registry.NacosServiceRegistry    : De-registering from Nacos Server now...
23:31:39:152  INFO 32356 --- [SpringApplicationShutdownHook] c.a.c.n.registry.NacosServiceRegistry    : De-registration finished.
23:31:39:487  INFO 32356 --- [SpringApplicationShutdownHook] com.alibaba.nacos.common.remote.client   : Shutdown rpc client, set status to shutdown
23:31:39:487  INFO 32356 --- [SpringApplicationShutdownHook] com.alibaba.nacos.common.remote.client   : Shutdown client event executor java.util.concurrent.ScheduledThreadPoolExecutor@518e9fbd[Running, pool size = 2, active threads = 2, queued tasks = 0, completed tasks = 0]
23:31:39:487  INFO 32356 --- [SpringApplicationShutdownHook] com.alibaba.nacos.common.remote.client   : Close current connection 1766158279030_172.17.0.1_50720
23:31:39:491  INFO 32356 --- [nacos-grpc-client-executor-18] c.a.n.c.remote.client.grpc.GrpcClient    : [1766158279030_172.17.0.1_50720]Ignore complete event,isRunning:false,isAbandon=false
23:31:39:493  INFO 32356 --- [SpringApplicationShutdownHook] c.a.n.c.remote.client.grpc.GrpcClient    : Shutdown grpc executor java.util.concurrent.ThreadPoolExecutor@4201d16a[Running, pool size = 8, active threads = 0, queued tasks = 0, completed tasks = 19]
23:31:39:497  INFO 32356 --- [SpringApplicationShutdownHook] com.zaxxer.hikari.HikariDataSource       : HikariPool-1 - Shutdown initiated...
23:31:39:520  INFO 32356 --- [SpringApplicationShutdownHook] com.zaxxer.hikari.HikariDataSource       : HikariPool-1 - Shutdown completed.
