08:46:16:157  INFO 50760 --- [main] com.hmall.item.ItemApplication           : Starting ItemApplication using Java 17.0.14 on LAPTOP-RCD2EBQ7 with PID 50760 (D:\ADevPlan\abackend\java-cloud-server\cloud-server\hmall\item-service\target\classes started by Konoha in D:\ADevPlan\abackend\java-cloud-server\cloud-server\hmall\item-service)
08:46:16:159 DEBUG 50760 --- [main] com.hmall.item.ItemApplication           : Running with Spring Boot v2.7.12, Spring v5.3.27
08:46:16:160  INFO 50760 --- [main] com.hmall.item.ItemApplication           : The following 1 profile is active: "dev"
08:46:17:051  INFO 50760 --- [main] o.s.b.w.embedded.tomcat.TomcatWebServer  : Tomcat initialized with port(s): 8081 (http)
08:46:17:070  INFO 50760 --- [main] o.apache.catalina.core.StandardService   : Starting service [Tomcat]
08:46:17:072  INFO 50760 --- [main] org.apache.catalina.core.StandardEngine  : Starting Servlet engine: [Apache Tomcat/9.0.75]
08:46:17:154  INFO 50760 --- [main] o.a.c.c.C.[Tomcat].[localhost].[/]       : Initializing Spring embedded WebApplicationContext
08:46:17:155  INFO 50760 --- [main] w.s.c.ServletWebServerApplicationContext : Root WebApplicationContext: initialization completed in 955 ms
08:46:17:989  INFO 50760 --- [main] pertySourcedRequestMappingHandlerMapping : Mapped URL path [/v2/api-docs] onto method [springfox.documentation.swagger2.web.Swagger2ControllerWebMvc#getDocumentation(String, HttpServletRequest)]
08:46:18:083  INFO 50760 --- [main] o.s.b.w.embedded.tomcat.TomcatWebServer  : Tomcat started on port(s): 8081 (http) with context path ''
08:46:18:085  INFO 50760 --- [main] d.s.w.p.DocumentationPluginsBootstrapper : Documentation plugins bootstrapped
08:46:18:087  INFO 50760 --- [main] d.s.w.p.DocumentationPluginsBootstrapper : Found 1 custom documentation plugin(s)
08:46:18:117  INFO 50760 --- [main] s.d.s.w.s.ApiListingReferenceScanner     : Scanning for api listing references
08:46:18:256  INFO 50760 --- [main] com.hmall.item.ItemApplication           : Started ItemApplication in 2.452 seconds (JVM running for 2.722)
08:46:47:376  INFO 50760 --- [http-nio-8081-exec-1] o.a.c.c.C.[Tomcat].[localhost].[/]       : Initializing Spring DispatcherServlet 'dispatcherServlet'
08:46:47:377  INFO 50760 --- [http-nio-8081-exec-1] o.s.web.servlet.DispatcherServlet        : Initializing Servlet 'dispatcherServlet'
08:46:47:378  INFO 50760 --- [http-nio-8081-exec-1] o.s.web.servlet.DispatcherServlet        : Completed initialization in 1 ms
08:46:47:494  INFO 50760 --- [http-nio-8081-exec-1] com.zaxxer.hikari.HikariDataSource       : HikariPool-1 - Starting...
08:46:47:953  INFO 50760 --- [http-nio-8081-exec-1] com.zaxxer.hikari.HikariDataSource       : HikariPool-1 - Start completed.
08:46:47:967 DEBUG 50760 --- [http-nio-8081-exec-1] c.h.i.mapper.ItemMapper.selectBatchIds   : ==>  Preparing: SELECT id,name,price,stock,image,category,brand,spec,sold,comment_count,isAD,status,create_time,update_time,creater,updater FROM item WHERE id IN ( ? )
08:46:48:019 DEBUG 50760 --- [http-nio-8081-exec-1] c.h.i.mapper.ItemMapper.selectBatchIds   : ==> Parameters: 317578(Long)
08:46:48:079 DEBUG 50760 --- [http-nio-8081-exec-1] c.h.i.mapper.ItemMapper.selectBatchIds   : <==      Total: 1
08:46:53:383 DEBUG 50760 --- [http-nio-8081-exec-2] c.h.i.m.ItemMapper.selectPage_mpCount    : ==>  Preparing: SELECT COUNT(*) FROM item WHERE (status = ?)
08:46:53:384 DEBUG 50760 --- [http-nio-8081-exec-2] c.h.i.m.ItemMapper.selectPage_mpCount    : ==> Parameters: 1(Integer)
08:46:53:425 DEBUG 50760 --- [http-nio-8081-exec-2] c.h.i.m.ItemMapper.selectPage_mpCount    : <==      Total: 1
08:46:53:437 DEBUG 50760 --- [http-nio-8081-exec-2] c.h.item.mapper.ItemMapper.selectPage    : ==>  Preparing: SELECT id, name, price, stock, image, category, brand, spec, sold, comment_count, isAD, status, create_time, update_time, creater, updater FROM item WHERE (status = ?) ORDER BY update_time DESC LIMIT ?
08:46:53:438 DEBUG 50760 --- [http-nio-8081-exec-2] c.h.item.mapper.ItemMapper.selectPage    : ==> Parameters: 1(Integer), 20(Long)
08:46:53:465 DEBUG 50760 --- [http-nio-8081-exec-2] c.h.item.mapper.ItemMapper.selectPage    : <==      Total: 20
