07:53:37:279  WARN 48632 --- [HikariPool-1 housekeeper] com.zaxxer.hikari.pool.HikariPool        : HikariPool-1 - Thread starvation or clock leap detected (housekeeper delta=10h26m27s200ms146?s200ns).
08:40:10:256  INFO 48632 --- [SpringApplicationShutdownHook] com.zaxxer.hikari.HikariDataSource       : HikariPool-1 - Shutdown initiated...
08:40:10:281  INFO 48632 --- [SpringApplicationShutdownHook] com.zaxxer.hikari.HikariDataSource       : HikariPool-1 - Shutdown completed.
08:46:12:716  INFO 47392 --- [main] com.hmall.HMallApplication               : Starting HMallApplication using Java 17.0.14 on LAPTOP-RCD2EBQ7 with PID 47392 (D:\ADevPlan\abackend\java-cloud-server\cloud-server\hmall\hm-service\target\classes started by Konoha in D:\ADevPlan\abackend\java-cloud-server\cloud-server\hmall\hm-service)
08:46:12:720 DEBUG 47392 --- [main] com.hmall.HMallApplication               : Running with Spring Boot v2.7.12, Spring v5.3.27
08:46:12:721  INFO 47392 --- [main] com.hmall.HMallApplication               : The following 1 profile is active: "dev"
08:46:13:302  INFO 47392 --- [main] .s.d.r.c.RepositoryConfigurationDelegate : Multiple Spring Data modules found, entering strict repository configuration mode
08:46:13:305  INFO 47392 --- [main] .s.d.r.c.RepositoryConfigurationDelegate : Bootstrapping Spring Data Redis repositories in DEFAULT mode.
08:46:13:335  INFO 47392 --- [main] .s.d.r.c.RepositoryConfigurationDelegate : Finished Spring Data repository scanning in 18 ms. Found 0 Redis repository interfaces.
08:46:13:868  INFO 47392 --- [main] o.s.b.w.embedded.tomcat.TomcatWebServer  : Tomcat initialized with port(s): 8080 (http)
08:46:13:879  INFO 47392 --- [main] o.apache.catalina.core.StandardService   : Starting service [Tomcat]
08:46:13:879  INFO 47392 --- [main] org.apache.catalina.core.StandardEngine  : Starting Servlet engine: [Apache Tomcat/9.0.75]
08:46:13:974  INFO 47392 --- [main] o.a.c.c.C.[Tomcat].[localhost].[/]       : Initializing Spring embedded WebApplicationContext
08:46:13:974  INFO 47392 --- [main] w.s.c.ServletWebServerApplicationContext : Root WebApplicationContext: initialization completed in 1214 ms
08:46:15:103  INFO 47392 --- [main] pertySourcedRequestMappingHandlerMapping : Mapped URL path [/v2/api-docs] onto method [springfox.documentation.swagger2.web.Swagger2ControllerWebMvc#getDocumentation(String, HttpServletRequest)]
08:46:15:405  INFO 47392 --- [main] o.s.b.w.embedded.tomcat.TomcatWebServer  : Tomcat started on port(s): 8080 (http) with context path ''
08:46:15:408  INFO 47392 --- [main] d.s.w.p.DocumentationPluginsBootstrapper : Documentation plugins bootstrapped
08:46:15:412  INFO 47392 --- [main] d.s.w.p.DocumentationPluginsBootstrapper : Found 1 custom documentation plugin(s)
08:46:15:438  INFO 47392 --- [main] s.d.s.w.s.ApiListingReferenceScanner     : Scanning for api listing references
08:46:15:582  INFO 47392 --- [main] com.hmall.HMallApplication               : Started HMallApplication in 3.195 seconds (JVM running for 3.464)
08:46:58:114  INFO 47392 --- [http-nio-8080-exec-1] o.a.c.c.C.[Tomcat].[localhost].[/]       : Initializing Spring DispatcherServlet 'dispatcherServlet'
08:46:58:115  INFO 47392 --- [http-nio-8080-exec-1] o.s.web.servlet.DispatcherServlet        : Initializing Servlet 'dispatcherServlet'
08:46:58:118  INFO 47392 --- [http-nio-8080-exec-1] o.s.web.servlet.DispatcherServlet        : Completed initialization in 3 ms
08:46:58:268  INFO 47392 --- [http-nio-8080-exec-1] com.zaxxer.hikari.HikariDataSource       : HikariPool-1 - Starting...
08:46:58:759  INFO 47392 --- [http-nio-8080-exec-1] com.zaxxer.hikari.HikariDataSource       : HikariPool-1 - Start completed.
08:46:58:772 DEBUG 47392 --- [http-nio-8080-exec-1] c.h.mapper.ItemMapper.selectBatchIds     : ==>  Preparing: SELECT id,name,price,stock,image,category,brand,spec,sold,comment_count,isAD,status,create_time,update_time,creater,updater FROM item WHERE id IN ( ? )
08:46:58:817 DEBUG 47392 --- [http-nio-8080-exec-1] c.h.mapper.ItemMapper.selectBatchIds     : ==> Parameters: 317578(Long)
08:46:58:859 DEBUG 47392 --- [http-nio-8080-exec-1] c.h.mapper.ItemMapper.selectBatchIds     : <==      Total: 1
08:47:07:378 DEBUG 47392 --- [http-nio-8080-exec-2] c.h.m.ItemMapper.selectPage_mpCount      : ==>  Preparing: SELECT COUNT(*) FROM item WHERE (status = ?)
08:47:07:380 DEBUG 47392 --- [http-nio-8080-exec-2] c.h.m.ItemMapper.selectPage_mpCount      : ==> Parameters: 1(Integer)
08:47:07:416 DEBUG 47392 --- [http-nio-8080-exec-2] c.h.m.ItemMapper.selectPage_mpCount      : <==      Total: 1
08:47:07:430 DEBUG 47392 --- [http-nio-8080-exec-2] com.hmall.mapper.ItemMapper.selectPage   : ==>  Preparing: SELECT id, name, price, stock, image, category, brand, spec, sold, comment_count, isAD, status, create_time, update_time, creater, updater FROM item WHERE (status = ?) ORDER BY update_time DESC LIMIT ?
08:47:07:431 DEBUG 47392 --- [http-nio-8080-exec-2] com.hmall.mapper.ItemMapper.selectPage   : ==> Parameters: 1(Integer), 20(Long)
08:47:07:450 DEBUG 47392 --- [http-nio-8080-exec-2] com.hmall.mapper.ItemMapper.selectPage   : <==      Total: 20
