08:43:52:640  INFO 20036 --- [main] com.hmall.item.ItemApplication           : Starting ItemApplication using Java 17.0.16 on lggyx with PID 20036 (D:\java-cloud-server\cloud-server\hmall\item-service\target\classes started by lggyx in D:\java-cloud-server\cloud-server)
08:43:52:643 DEBUG 20036 --- [main] com.hmall.item.ItemApplication           : Running with Spring Boot v2.7.12, Spring v5.3.27
08:43:52:644  INFO 20036 --- [main] com.hmall.item.ItemApplication           : The following 1 profile is active: "dev"
08:43:53:431  INFO 20036 --- [main] o.s.cloud.context.scope.GenericScope     : BeanFactory id=c414497b-08ec-3e5c-a252-0da90406e5b8
08:43:53:593  INFO 20036 --- [main] o.s.b.w.embedded.tomcat.TomcatWebServer  : Tomcat initialized with port(s): 8081 (http)
08:43:53:598  INFO 20036 --- [main] o.apache.catalina.core.StandardService   : Starting service [Tomcat]
08:43:53:598  INFO 20036 --- [main] org.apache.catalina.core.StandardEngine  : Starting Servlet engine: [Apache Tomcat/9.0.75]
08:43:53:667  INFO 20036 --- [main] o.a.c.c.C.[Tomcat].[localhost].[/]       : Initializing Spring embedded WebApplicationContext
08:43:53:667  INFO 20036 --- [main] w.s.c.ServletWebServerApplicationContext : Root WebApplicationContext: initialization completed in 995 ms
08:43:54:267  INFO 20036 --- [main] pertySourcedRequestMappingHandlerMapping : Mapped URL path [/v2/api-docs] onto method [springfox.documentation.swagger2.web.Swagger2ControllerWebMvc#getDocumentation(String, HttpServletRequest)]
08:43:54:427  INFO 20036 --- [main] com.alibaba.nacos.common.remote.client   : [RpcClientFactory] create a new rpc client of bc8959bb-8d26-46cb-8637-863d34220e30
08:43:54:458  INFO 20036 --- [main] org.reflections.Reflections              : Reflections took 15 ms to scan 1 urls, producing 3 keys and 6 values 
08:43:54:473  INFO 20036 --- [main] org.reflections.Reflections              : Reflections took 7 ms to scan 1 urls, producing 4 keys and 9 values 
08:43:54:484  INFO 20036 --- [main] org.reflections.Reflections              : Reflections took 9 ms to scan 1 urls, producing 3 keys and 10 values 
08:43:54:486  WARN 20036 --- [main] org.reflections.Reflections              : given scan urls are empty. set urls in the configuration
08:43:54:490  INFO 20036 --- [main] org.reflections.Reflections              : Reflections took 3 ms to scan 1 urls, producing 1 keys and 5 values 
08:43:54:495  INFO 20036 --- [main] org.reflections.Reflections              : Reflections took 4 ms to scan 1 urls, producing 1 keys and 7 values 
08:43:54:500  INFO 20036 --- [main] org.reflections.Reflections              : Reflections took 3 ms to scan 1 urls, producing 2 keys and 8 values 
08:43:54:501  WARN 20036 --- [main] org.reflections.Reflections              : given scan urls are empty. set urls in the configuration
08:43:54:502  INFO 20036 --- [main] com.alibaba.nacos.common.remote.client   : [bc8959bb-8d26-46cb-8637-863d34220e30] RpcClient init label, labels = {module=naming, source=sdk}
08:43:54:503  INFO 20036 --- [main] com.alibaba.nacos.common.remote.client   : [bc8959bb-8d26-46cb-8637-863d34220e30] RpcClient init, ServerListFactory = com.alibaba.nacos.client.naming.core.ServerListManager
08:43:54:503  INFO 20036 --- [main] com.alibaba.nacos.common.remote.client   : [bc8959bb-8d26-46cb-8637-863d34220e30] Registry connection listener to current client:com.alibaba.nacos.client.naming.remote.gprc.redo.NamingGrpcRedoService
08:43:54:503  INFO 20036 --- [main] com.alibaba.nacos.common.remote.client   : [bc8959bb-8d26-46cb-8637-863d34220e30] Register server push request handler:com.alibaba.nacos.client.naming.remote.gprc.NamingPushRequestHandler
08:43:54:503  INFO 20036 --- [main] com.alibaba.nacos.common.remote.client   : [bc8959bb-8d26-46cb-8637-863d34220e30] Try to connect to server on start up, server: {serverIp = '127.0.0.1', server main port = 8848}
08:43:55:046  INFO 20036 --- [main] com.alibaba.nacos.common.remote.client   : [bc8959bb-8d26-46cb-8637-863d34220e30] Success to connect to server [127.0.0.1:8848] on start up, connectionId = 1761612234892_172.17.0.1_50256
08:43:55:047  INFO 20036 --- [com.alibaba.nacos.client.remote.worker] com.alibaba.nacos.common.remote.client   : [bc8959bb-8d26-46cb-8637-863d34220e30] Notify connected event to listeners.
08:43:55:048  INFO 20036 --- [main] com.alibaba.nacos.common.remote.client   : [bc8959bb-8d26-46cb-8637-863d34220e30] Register server push request handler:com.alibaba.nacos.common.remote.client.RpcClient$ConnectResetRequestHandler
08:43:55:048  INFO 20036 --- [main] com.alibaba.nacos.common.remote.client   : [bc8959bb-8d26-46cb-8637-863d34220e30] Register server push request handler:com.alibaba.nacos.common.remote.client.RpcClient$$Lambda$920/0x000002149b735b48
08:43:55:084  INFO 20036 --- [main] o.s.b.w.embedded.tomcat.TomcatWebServer  : Tomcat started on port(s): 8081 (http) with context path ''
08:43:55:095  INFO 20036 --- [main] c.a.c.n.registry.NacosServiceRegistry    : nacos registry, DEFAULT_GROUP item-service 192.168.21.1:8081 register finished
08:43:55:164  INFO 20036 --- [main] d.s.w.p.DocumentationPluginsBootstrapper : Documentation plugins bootstrapped
08:43:55:165  INFO 20036 --- [main] d.s.w.p.DocumentationPluginsBootstrapper : Found 1 custom documentation plugin(s)
08:43:55:181  INFO 20036 --- [main] s.d.s.w.s.ApiListingReferenceScanner     : Scanning for api listing references
08:43:55:244  INFO 20036 --- [main] com.hmall.item.ItemApplication           : Started ItemApplication in 2.97 seconds (JVM running for 3.305)
08:43:55:609  INFO 20036 --- [nacos-grpc-client-executor-10] com.alibaba.nacos.common.remote.client   : [bc8959bb-8d26-46cb-8637-863d34220e30] Receive server push request, request = NotifySubscriberRequest, requestId = 2
08:43:55:611  INFO 20036 --- [nacos-grpc-client-executor-10] com.alibaba.nacos.common.remote.client   : [bc8959bb-8d26-46cb-8637-863d34220e30] Ack server push request, request = NotifySubscriberRequest, requestId = 2
08:48:25:364  WARN 20036 --- [Thread-4] c.a.nacos.common.notify.NotifyCenter     : [NotifyCenter] Start destroying Publisher
08:48:25:364  WARN 20036 --- [Thread-7] c.a.n.common.http.HttpClientBeanHolder   : [HttpClientBeanHolder] Start destroying common HttpClient
08:48:25:364  WARN 20036 --- [Thread-4] c.a.nacos.common.notify.NotifyCenter     : [NotifyCenter] Destruction of the end
08:48:25:365  WARN 20036 --- [Thread-7] c.a.n.common.http.HttpClientBeanHolder   : [HttpClientBeanHolder] Destruction of the end
08:48:25:390  INFO 20036 --- [SpringApplicationShutdownHook] c.a.c.n.registry.NacosServiceRegistry    : De-registering from Nacos Server now...
08:48:25:396  INFO 20036 --- [SpringApplicationShutdownHook] c.a.c.n.registry.NacosServiceRegistry    : De-registration finished.
08:48:25:732  INFO 20036 --- [SpringApplicationShutdownHook] com.alibaba.nacos.common.remote.client   : Shutdown rpc client, set status to shutdown
08:48:25:732  INFO 20036 --- [SpringApplicationShutdownHook] com.alibaba.nacos.common.remote.client   : Shutdown client event executor java.util.concurrent.ScheduledThreadPoolExecutor@429e932e[Running, pool size = 2, active threads = 2, queued tasks = 0, completed tasks = 0]
08:48:25:732  INFO 20036 --- [SpringApplicationShutdownHook] com.alibaba.nacos.common.remote.client   : Close current connection 1761612234892_172.17.0.1_50256
08:48:25:735  INFO 20036 --- [nacos-grpc-client-executor-74] c.a.n.c.remote.client.grpc.GrpcClient    : [1761612234892_172.17.0.1_50256]Ignore complete event,isRunning:false,isAbandon=false
08:48:25:736  INFO 20036 --- [SpringApplicationShutdownHook] c.a.n.c.remote.client.grpc.GrpcClient    : Shutdown grpc executor java.util.concurrent.ThreadPoolExecutor@4bfdd9d0[Running, pool size = 5, active threads = 0, queued tasks = 0, completed tasks = 75]
08:48:44:470  INFO 9164 --- [main] com.hmall.item.ItemApplication           : Starting ItemApplication using Java 17.0.16 on lggyx with PID 9164 (D:\java-cloud-server\cloud-server\hmall\item-service\target\classes started by lggyx in D:\java-cloud-server\cloud-server)
08:48:44:472 DEBUG 9164 --- [main] com.hmall.item.ItemApplication           : Running with Spring Boot v2.7.12, Spring v5.3.27
08:48:44:472  INFO 9164 --- [main] com.hmall.item.ItemApplication           : The following 1 profile is active: "dev"
08:48:45:078  INFO 9164 --- [main] o.s.cloud.context.scope.GenericScope     : BeanFactory id=27b5db73-bd4c-396c-a5d5-6435867d3e11
08:48:45:254  INFO 9164 --- [main] o.s.b.w.embedded.tomcat.TomcatWebServer  : Tomcat initialized with port(s): 8081 (http)
08:48:45:258  INFO 9164 --- [main] o.apache.catalina.core.StandardService   : Starting service [Tomcat]
08:48:45:259  INFO 9164 --- [main] org.apache.catalina.core.StandardEngine  : Starting Servlet engine: [Apache Tomcat/9.0.75]
08:48:45:332  INFO 9164 --- [main] o.a.c.c.C.[Tomcat].[localhost].[/]       : Initializing Spring embedded WebApplicationContext
08:48:45:333  INFO 9164 --- [main] w.s.c.ServletWebServerApplicationContext : Root WebApplicationContext: initialization completed in 835 ms
08:48:45:895  INFO 9164 --- [main] pertySourcedRequestMappingHandlerMapping : Mapped URL path [/v2/api-docs] onto method [springfox.documentation.swagger2.web.Swagger2ControllerWebMvc#getDocumentation(String, HttpServletRequest)]
08:48:46:066  INFO 9164 --- [main] com.alibaba.nacos.common.remote.client   : [RpcClientFactory] create a new rpc client of 2d016dd9-64b9-4df3-b1e9-ef5e389d35aa
08:48:46:101  INFO 9164 --- [main] org.reflections.Reflections              : Reflections took 13 ms to scan 1 urls, producing 3 keys and 6 values 
08:48:46:115  INFO 9164 --- [main] org.reflections.Reflections              : Reflections took 4 ms to scan 1 urls, producing 4 keys and 9 values 
08:48:46:119  INFO 9164 --- [main] org.reflections.Reflections              : Reflections took 3 ms to scan 1 urls, producing 3 keys and 10 values 
08:48:46:120  WARN 9164 --- [main] org.reflections.Reflections              : given scan urls are empty. set urls in the configuration
08:48:46:124  INFO 9164 --- [main] org.reflections.Reflections              : Reflections took 3 ms to scan 1 urls, producing 1 keys and 5 values 
08:48:46:127  INFO 9164 --- [main] org.reflections.Reflections              : Reflections took 3 ms to scan 1 urls, producing 1 keys and 7 values 
08:48:46:132  INFO 9164 --- [main] org.reflections.Reflections              : Reflections took 4 ms to scan 1 urls, producing 2 keys and 8 values 
08:48:46:133  WARN 9164 --- [main] org.reflections.Reflections              : given scan urls are empty. set urls in the configuration
08:48:46:133  INFO 9164 --- [main] com.alibaba.nacos.common.remote.client   : [2d016dd9-64b9-4df3-b1e9-ef5e389d35aa] RpcClient init label, labels = {module=naming, source=sdk}
08:48:46:134  INFO 9164 --- [main] com.alibaba.nacos.common.remote.client   : [2d016dd9-64b9-4df3-b1e9-ef5e389d35aa] RpcClient init, ServerListFactory = com.alibaba.nacos.client.naming.core.ServerListManager
08:48:46:134  INFO 9164 --- [main] com.alibaba.nacos.common.remote.client   : [2d016dd9-64b9-4df3-b1e9-ef5e389d35aa] Registry connection listener to current client:com.alibaba.nacos.client.naming.remote.gprc.redo.NamingGrpcRedoService
08:48:46:134  INFO 9164 --- [main] com.alibaba.nacos.common.remote.client   : [2d016dd9-64b9-4df3-b1e9-ef5e389d35aa] Register server push request handler:com.alibaba.nacos.client.naming.remote.gprc.NamingPushRequestHandler
08:48:46:135  INFO 9164 --- [main] com.alibaba.nacos.common.remote.client   : [2d016dd9-64b9-4df3-b1e9-ef5e389d35aa] Try to connect to server on start up, server: {serverIp = '127.0.0.1', server main port = 8848}
08:48:46:702  INFO 9164 --- [main] com.alibaba.nacos.common.remote.client   : [2d016dd9-64b9-4df3-b1e9-ef5e389d35aa] Success to connect to server [127.0.0.1:8848] on start up, connectionId = 1761612526533_172.17.0.1_55792
08:48:46:703  INFO 9164 --- [com.alibaba.nacos.client.remote.worker] com.alibaba.nacos.common.remote.client   : [2d016dd9-64b9-4df3-b1e9-ef5e389d35aa] Notify connected event to listeners.
08:48:46:703  INFO 9164 --- [main] com.alibaba.nacos.common.remote.client   : [2d016dd9-64b9-4df3-b1e9-ef5e389d35aa] Register server push request handler:com.alibaba.nacos.common.remote.client.RpcClient$ConnectResetRequestHandler
08:48:46:703  INFO 9164 --- [main] com.alibaba.nacos.common.remote.client   : [2d016dd9-64b9-4df3-b1e9-ef5e389d35aa] Register server push request handler:com.alibaba.nacos.common.remote.client.RpcClient$$Lambda$916/0x00000207d570b928
08:48:46:748  INFO 9164 --- [main] o.s.b.w.embedded.tomcat.TomcatWebServer  : Tomcat started on port(s): 8081 (http) with context path ''
08:48:46:755  INFO 9164 --- [main] c.a.c.n.registry.NacosServiceRegistry    : nacos registry, DEFAULT_GROUP item-service 192.168.21.1:8081 register finished
08:48:46:829  INFO 9164 --- [main] d.s.w.p.DocumentationPluginsBootstrapper : Documentation plugins bootstrapped
08:48:46:831  INFO 9164 --- [main] d.s.w.p.DocumentationPluginsBootstrapper : Found 1 custom documentation plugin(s)
08:48:46:846  INFO 9164 --- [main] s.d.s.w.s.ApiListingReferenceScanner     : Scanning for api listing references
08:48:46:912  INFO 9164 --- [main] com.hmall.item.ItemApplication           : Started ItemApplication in 2.876 seconds (JVM running for 3.228)
08:48:47:253  INFO 9164 --- [nacos-grpc-client-executor-7] com.alibaba.nacos.common.remote.client   : [2d016dd9-64b9-4df3-b1e9-ef5e389d35aa] Receive server push request, request = NotifySubscriberRequest, requestId = 4
08:48:47:267  INFO 9164 --- [nacos-grpc-client-executor-7] com.alibaba.nacos.common.remote.client   : [2d016dd9-64b9-4df3-b1e9-ef5e389d35aa] Ack server push request, request = NotifySubscriberRequest, requestId = 4
